Component: ARM Compiler 5.06 update 7 (build 960) Tool: armlink [4d3601]

==============================================================================

Section Cross References

    main.o(i.MY_System_Config) refers to system_stm32f4xx.o(.data) for SystemCoreClock
    main.o(i.Send_Data) refers to _printf_pad.o(.text) for _printf_pre_padding
    main.o(i.Send_Data) refers to _printf_percent.o(.ARM.Collect$$_printf_percent$$00000000) for _printf_percent
    main.o(i.Send_Data) refers to _printf_d.o(.ARM.Collect$$_printf_percent$$00000009) for _printf_d
    main.o(i.Send_Data) refers to _printf_f.o(.ARM.Collect$$_printf_percent$$00000003) for _printf_f
    main.o(i.Send_Data) refers to _printf_dec.o(.text) for _printf_int_dec
    main.o(i.Send_Data) refers to printf1.o(x$fpl$printf1) for _printf_fp_dec
    main.o(i.Send_Data) refers to f2d.o(x$fpl$f2d) for __aeabi_f2d
    main.o(i.Send_Data) refers to noretval__2printf.o(.text) for __2printf
    main.o(i.Send_Data) refers to gy-86.o(.bss) for Gyro_Data
    main.o(i.Send_Data) refers to main.o(.conststring) for .conststring
    main.o(i.Send_Data) refers to gy-86.o(.data) for HMC_Data
    main.o(i.Send_Data) refers to mytim.o(.bss) for Receiver_Data
    main.o(i.Show_Data) refers to oled.o(i.OLED_ShowNum) for OLED_ShowNum
    main.o(i.Show_Data) refers to gy-86.o(.bss) for MPU_Data
    main.o(i.Show_Data) refers to zimo.o(.constdata) for Atali
    main.o(i.Show_Data) refers to gy-86.o(.data) for HMC_Data
    main.o(i.Show_Data) refers to madgwick.o(.bss) for eulra
    main.o(i.Show_Name) refers to oled.o(i.OLED_SS) for OLED_SS
    main.o(i.Show_Name) refers to zimo.o(.constdata) for Atali
    main.o(i.main) refers to main.o(i.MY_System_Config) for MY_System_Config
    main.o(i.main) refers to mytim.o(i.MY_TIM_Init) for MY_TIM_Init
    main.o(i.main) refers to myi2c.o(i.MY_I2C_Init) for MY_I2C_Init
    main.o(i.main) refers to oled.o(i.OLED_Init) for OLED_Init
    main.o(i.main) refers to motor.o(i.Motor_Init) for Motor_Init
    main.o(i.main) refers to myuart.o(i.MY_UART_Init) for MY_UART_Init
    main.o(i.main) refers to mytim.o(i.MY_Delay) for MY_Delay
    main.o(i.main) refers to esp8266.o(i.ESP_Init) for ESP_Init
    main.o(i.main) refers to gy-86.o(i.MPU_Init) for MPU_Init
    main.o(i.main) refers to gy-86.o(i.HMC_Init) for HMC_Init
    main.o(i.main) refers to oled.o(i.OLED_ResetOffset) for OLED_ResetOffset
    main.o(i.main) refers to oled.o(i.OLED_ClnAllDRAM) for OLED_ClnAllDRAM
    main.o(i.main) refers to oled.o(i.OLED_All) for OLED_All
    main.o(i.main) refers to gy-86.o(i.GY86_adj) for GY86_adj
    main.o(i.main) refers to gy-86.o(i.MPU_Read) for MPU_Read
    main.o(i.main) refers to gy-86.o(i.MPU_Trans) for MPU_Trans
    main.o(i.main) refers to gy-86.o(i.HMC_Read) for HMC_Read
    main.o(i.main) refers to gy-86.o(i.HMC_Trans) for HMC_Trans
    main.o(i.main) refers to madgwick.o(i.My_Madgwick_Update) for My_Madgwick_Update
    main.o(i.main) refers to anotc.o(i.Anotc_Send_Eulra) for Anotc_Send_Eulra
    main.o(i.main) refers to motor.o(i.Motor_Output) for Motor_Output
    main.o(i.main) refers to main.o(.data) for flag
    main.o(i.main) refers to gy-86.o(.bss) for Mag_Data
    main.o(i.main) refers to madgwick.o(.bss) for eulra
    anotc.o(i.Anotc_Send_Eulra) refers to myuart.o(i.MY_UART_Send) for MY_UART_Send
    anotc.o(i.Anotc_Send_Eulra) refers to anotc.o(.constdata) for .constdata
    anotc.o(i.Anotc_Send_PID) refers to myuart.o(i.MY_UART_Send) for MY_UART_Send
    anotc.o(i.Anotc_Send_PID) refers to anotc.o(.constdata) for .constdata
    anotc.o(i.Anotc_Send_Raw) refers to myuart.o(i.MY_UART_Send) for MY_UART_Send
    anotc.o(i.Anotc_Send_Raw) refers to anotc.o(.constdata) for .constdata
    madgwick.o(i.My_Madgwick_Update) refers to my_math.o(i.my_sqrt) for my_sqrt
    madgwick.o(i.My_Madgwick_Update) refers to madgwick.o(.data) for quat
    madgwick.o(i.My_Madgwick_Update) refers to asinf.o(i.__hardfp_asinf) for __hardfp_asinf
    madgwick.o(i.My_Madgwick_Update) refers to f2d.o(x$fpl$f2d) for __aeabi_f2d
    madgwick.o(i.My_Madgwick_Update) refers to atan2.o(i.__hardfp_atan2) for __hardfp_atan2
    madgwick.o(i.My_Madgwick_Update) refers to dmul.o(x$fpl$dmul) for __aeabi_dmul
    madgwick.o(i.My_Madgwick_Update) refers to ddiv.o(x$fpl$ddiv) for __aeabi_ddiv
    madgwick.o(i.My_Madgwick_Update) refers to d2f.o(x$fpl$d2f) for __aeabi_d2f
    madgwick.o(i.My_Madgwick_Update) refers to madgwick.o(.bss) for eulra
    my_math.o(i.my_sqrt) refers to my_math.o(i.invsqrt) for invsqrt
    myi2c.o(i.I2C_Addr_Detect) refers to _printf_percent.o(.ARM.Collect$$_printf_percent$$00000000) for _printf_percent
    myi2c.o(i.I2C_Addr_Detect) refers to _printf_x.o(.ARM.Collect$$_printf_percent$$0000000C) for _printf_x
    myi2c.o(i.I2C_Addr_Detect) refers to _printf_hex_int.o(.text) for _printf_longlong_hex
[...]

    Symbol Name                              Value     Ov Type        Size  Object(Section)

    ../clib/angel/boardlib.s                 0x00000000   Number         0  boardshut.o ABSOLUTE
    ../clib/angel/boardlib.s                 0x00000000   Number         0  boardinit3.o ABSOLUTE
    ../clib/angel/boardlib.s                 0x00000000   Number         0  boardinit2.o ABSOLUTE
    ../clib/angel/boardlib.s                 0x00000000   Number         0  boardinit1.o ABSOLUTE
    ../clib/angel/handlers.s                 0x00000000   Number         0  __scatter_zi.o ABSOLUTE
    ../clib/angel/handlers.s                 0x00000000   Number         0  __scatter_copy.o ABSOLUTE
    ../clib/angel/kernel.s                   0x00000000   Number         0  __rtentry4.o ABSOLUTE
    ../clib/angel/kernel.s                   0x00000000   Number         0  rtexit.o ABSOLUTE
    ../clib/angel/kernel.s                   0x00000000   Number         0  __rtentry.o ABSOLUTE
    ../clib/angel/kernel.s                   0x00000000   Number         0  __rtentry2.o ABSOLUTE
    ../clib/angel/kernel.s                   0x00000000   Number         0  rtexit2.o ABSOLUTE
    ../clib/angel/rt.s                       0x00000000   Number         0  rt_locale.o ABSOLUTE
    ../clib/angel/rt.s                       0x00000000   Number         0  rt_locale_intlibspace.o ABSOLUTE
    ../clib/angel/rt.s                       0x00000000   Number         0  rt_errno_addr.o ABSOLUTE
    ../clib/angel/rt.s                       0x00000000   Number         0  rt_errno_addr_intlibspace.o ABSOLUTE
    ../clib/angel/rt.s                       0x00000000   Number         0  rt_raise.o ABSOLUTE
    ../clib/angel/rt.s                       0x00000000   Number         0  rt_heap_descriptor.o ABSOLUTE
    ../clib/angel/rt.s                       0x00000000   Number         0  rt_heap_descriptor_intlibspace.o ABSOLUTE
    ../clib/angel/scatter.s                  0x00000000   Number         0  __scatter.o ABSOLUTE
    ../clib/angel/startup.s                  0x00000000   Number         0  __main.o ABSOLUTE
    ../clib/angel/sys.s                      0x00000000   Number         0  sys_stackheap_outer.o ABSOLUTE
    ../clib/angel/sys.s                      0x00000000   Number         0  indicate_semi.o ABSOLUTE
    ../clib/angel/sys.s                      0x00000000   Number         0  use_no_semi.o ABSOLUTE
    ../clib/angel/sys.s                      0x00000000   Number         0  libspace.o ABSOLUTE
    ../clib/angel/sys.s                      0x00000000   Number         0  mutex_dummy.o ABSOLUTE
    ../clib/angel/sysapp.c                   0x00000000   Number         0  sys_command.o ABSOLUTE
    ../clib/angel/sysapp.c                   0x00000000   Number         0  sys_wrch.o ABSOLUTE
    ../clib/angel/sysapp.c                   0x00000000   Number         0  sys_io.o ABSOLUTE
    ../clib/angel/sysapp.c                   0x00000000   Number         0  sys_exit.o ABSOLUTE
    ../clib/armsys.c                         0x00000000   Number         0  argv_veneer.o ABSOLUTE
    ../clib/armsys.c                         0x00000000   Number         0  no_argv.o ABSOLUTE
    ../clib/armsys.c                         0x00000000   Number         0  _get_argv.o ABSOLUTE
    ../clib/armsys.c                         0x00000000   Number         0  _get_argv_nomalloc.o ABSOLUTE
    ../clib/armsys.c                         0x00000000   Number         0  argv_veneer.o ABSOLUTE
    ../clib/bigflt.c                         0x00000000   Number         0  bigflt0.o ABSOLUTE
    ../clib/btod.s                           0x00000000   Number         0  btod.o ABSOLUTE
    ../clib/fenv.c                           0x00000000   Number         0  _rserrno.o ABSOLUTE
    ../clib/heap1.c                          0x00000000   Number         0  h1_alloc_mt.o ABSOLUTE
    ../clib/heap1.c                          0x00000000   Number         0  h1_alloc.o ABSOLUTE
    ../clib/heap1.c                          0x00000000   Number         0  h1_final_mt.o ABSOLUTE
    ../clib/heap1.c                          0x00000000   Number         0  h1_extend_mt.o ABSOLUTE
    ../clib/heap1.c                          0x00000000   Number         0  h1_init_mt.o ABSOLUTE
    ../clib/heap1.c                          0x00000000   Number         0  h1_init.o ABSOLUTE
    ../clib/heap1.c                          0x00000000   Number         0  h1_free_mt.o ABSOLUTE
    ../clib/heap1.c                          0x00000000   Number         0  h1_free.o ABSOLUTE
    ../clib/heap1.c                          0x00000000   Number         0  h1_final.o ABSOLUTE
    ../clib/heap1.c                          0x00000000   Number         0  h1_extend.o ABSOLUTE
    ../clib/heap2.c                          0x00000000   Number         0  heap2mt.o ABSOLUTE
    ../clib/heap2.c                          0x00000000   Number         0  fdtree.o ABSOLUTE
    ../clib/heap2.c                          0x00000000   Number         0  heap2.o ABSOLUTE
    ../clib/heapalloc.c                      0x00000000   Number         0  init_alloc.o ABSOLUTE
    ../clib/heapalloc.c                      0x00000000   Number         0  maybetermalloc2.o ABSOLUTE
    ../clib/heapalloc.c                      0x00000000   Number         0  maybetermalloc2.o ABSOLUTE
    ../clib/heapalloc.c                      0x00000000   Number         0  maybetermalloc1.o ABSOLUTE
    ../clib/heapalloc.c                      0x00000000   Number         0  maybetermalloc1.o ABSOLUTE
    ../clib/heapalloc.c                      0x00000000   Number         0  malloc.o ABSOLUTE
    ../clib/heapalloc.c                      0x00000000   Number         0  heapstubs.o ABSOLUTE
    ../clib/heapalloc.c                      0x00000000   Number         0  free.o ABSOLUTE
    ../clib/heapalloc.c                      0x00000000   Number         0  term_alloc.o ABSOLUTE
    ../clib/heapalloc.c                      0x00000000   Number         0  hrguard.o ABSOLUTE
    ../clib/heapalloc.c                      0x00000000   Number         0  hguard.o ABSOLUTE
    ../clib/heapaux.c                        0x00000000   Number         0  heapauxa.o ABSOLUTE
    ../clib/heapaux.c                        0x00000000   Number         0  heapauxi.o ABSOLUTE
    ../clib/libinit.s                        0x00000000   Number         0  libinit.o ABSOLUTE
    ../clib/libinit.s                        0x00000000   Number         0  libshutdown.o ABSOLUTE
    ../clib/libinit.s                        0x00000000   Number         0  libinit2.o ABSOLUTE
    ../clib/libinit.s                        0x00000000   Number         0  libshutdown2.o ABSOLUTE
    ../clib/locale.s                         0x00000000   Number         0  lc_numeric_c.o ABSOLUTE
    ../clib/longlong.s                       0x00000000   Number         0  lludiv10.o ABSOLUTE
    ../clib/memcpset.s                       0x00000000   Number         0  rt_memcpy_w.o ABSOLUTE
    ../clib/memcpset.s                       0x00000000   Number         0  strcmpv7m.o ABSOLUTE
    ../clib/memcpset.s                       0x00000000   Number         0  rt_memclr_w.o ABSOLUTE
    ../clib/misc.s                           0x00000000   Number         0  printf_stubs.o ABSOLUTE
    ../clib/printf.c                         0x00000000   Number         0  __printf_flags.o ABSOLUTE
    ../clib/printf.c                         0x00000000   Number         0  _printf_hex_int_ll_ptr.o ABSOLUTE
    ../clib/printf.c                         0x00000000   Number         0  _printf_hex_ll_ptr.o ABSOLUTE
    ../clib/printf.c                         0x00000000   Number         0  _printf_hex_int_ptr.o ABSOLUTE
    ../clib/printf.c                         0x00000000   Number         0  _printf_hex_ptr.o ABSOLUTE
    ../clib/printf.c                         0x00000000   Number         0  __printf_ss_wp.o ABSOLUTE
    ../clib/printf.c                         0x00000000   Number         0  __printf_flags_ss_wp.o ABSOLUTE
    ../clib/printf.c                         0x00000000   Number         0  _printf_hex_int.o ABSOLUTE
    ../clib/printf.c                         0x00000000   Number         0  __printf_nopercent.o ABSOLUTE
    ../clib/printf.c                         0x00000000   Number         0  _printf_hex_ll.o ABSOLUTE
    ../clib/printf.c                         0x00000000   Number         0  _printf_dec.o ABSOLUTE
    ../clib/printf.c                         0x00000000   Number         0  _printf_pad.o ABSOLUTE
    ../clib/printf.c                         0x00000000   Number         0  _printf_char_common.o ABSOLUTE
    ../clib/printf.c                         0x00000000   Number         0  _printf_char_file.o ABSOLUTE
    ../clib/printf.c                         0x00000000   Number         0  _printf_fp_dec.o ABSOLUTE
    ../clib/printf.c                         0x00000000   Number         0  _printf_intcommon.o ABSOLUTE
    ../clib/printf.c                         0x00000000   Number         0  __printf.o ABSOLUTE
    ../clib/printf.c                         0x00000000   Number         0  noretval__2printf.o ABSOLUTE
    ../clib/printf.c                         0x00000000   Number         0  _printf_fp_infnan.o ABSOLUTE
    ../clib/printf.c                         0x00000000   Number         0  _printf_hex_int_ll.o ABSOLUTE
    ../clib/printf.c                         0x00000000   Number         0  __2printf.o ABSOLUTE
    ../clib/printf.c                         0x00000000   Number         0  __printf_ss.o ABSOLUTE
    ../clib/printf.c                         0x00000000   Number         0  __printf_flags_ss.o ABSOLUTE
    ../clib/printf.c                         0x00000000   Number         0  __printf_wp.o ABSOLUTE
    ../clib/printf.c                         0x00000000   Number         0  __printf_flags_wp.o ABSOLUTE
    ../clib/printf_percent.s                 0x00000000   Number         0  _printf_percent.o ABSOLUTE
    ../clib/printf_percent.s                 0x00000000   Number         0  _printf_percent_end.o ABSOLUTE
    ../clib/printf_percent.s                 0x00000000   Number         0  _printf_x.o ABSOLUTE
    ../clib/printf_percent.s                 0x00000000   Number         0  _printf_d.o ABSOLUTE
    ../clib/printf_percent.s                 0x00000000   Number         0  _printf_f.o ABSOLUTE
    ../clib/signal.c                         0x00000000   Number         0  defsig_rtred_inner.o ABSOLUTE
    ../clib/signal.c                         0x00000000   Number         0  defsig_other.o ABSOLUTE
    ../clib/signal.c                         0x00000000   Number         0  defsig_rtmem_inner.o ABSOLUTE
    ../clib/signal.c                         0x00000000   Number         0  defsig_rtred_outer.o ABSOLUTE
    ../clib/signal.c                         0x00000000   Number         0  defsig_stak_inner.o ABSOLUTE
    ../clib/signal.c                         0x00000000   Number         0  defsig_rtred_formal.o ABSOLUTE
    ../clib/signal.c                         0x00000000   Number         0  defsig_rtmem_formal.o ABSOLUTE
    ../clib/signal.c                         0x00000000   Number         0  defsig_abrt_inner.o ABSOLUTE
    ../clib/signal.c                         0x00000000   Number         0  defsig_fpe_inner.o ABSOLUTE
    ../clib/signal.c                         0x00000000   Number         0  defsig_rtmem_outer.o ABSOLUTE
    ../clib/signal.c                         0x00000000   Number         0  defsig_general.o ABSOLUTE
    ../clib/signal.c                         0x00000000   Number         0  defsig_exit.o ABSOLUTE
    ../clib/signal.c                         0x00000000   Number         0  defsig_pvfn_inner.o ABSOLUTE
    ../clib/signal.c                         0x00000000   Number         0  defsig_cppl_inner.o ABSOLUTE
    ../clib/signal.c                         0x00000000   Number         0  defsig_segv_inner.o ABSOLUTE
    ../clib/signal.c                         0x00000000   Number         0  __raise.o ABSOLUTE
    ../clib/signal.s                         0x00000000   Number         0  defsig.o ABSOLUTE
    ../clib/stdio.c                          0x00000000   Number         0  fopen_locked.o ABSOLUTE
    ../clib/stdio.c                          0x00000000   Number         0  fseek.o ABSOLUTE
    ../clib/stdio.c                          0x00000000   Number         0  stdio.o ABSOLUTE
    ../clib/stdio.c                          0x00000000   Number         0  initio_locked.o ABSOLUTE
    ../clib/stdio.c                          0x00000000   Number         0  ferror_locked.o ABSOLUTE
    ../clib/stdio.c                          0x00000000   Number         0  initio.o ABSOLUTE
    ../clib/stdio.c                          0x00000000   Number         0  setvbuf.o ABSOLUTE
    ../clib/stdio.c                          0x00000000   Number         0  stdio_streams.o ABSOLUTE
    ../clib/stdio.c                          0x00000000   Number         0  ferror.o ABSOLUTE
    ../clib/stdio.c                          0x00000000   Number         0  ftell.o ABSOLUTE
    ../clib/stdio.c                          0x00000000   Number         0  streamlock.o ABSOLUTE
    ../clib/stdio.c                          0x00000000   Number         0  fopen.o ABSOLUTE
    ../clib/stdio.c                          0x00000000   Number         0  fclose.o ABSOLUTE
    ../clib/stdio.c                          0x00000000   Number         0  setvbuf_locked.o ABSOLUTE
    ../clib/stdlib.c                         0x00000000   Number         0  exit.o ABSOLUTE
    ../clib/string.c                         0x00000000   Number         0  strstr.o ABSOLUTE
    ../clib/string.c                         0x00000000   Number         0  strlen.o ABSOLUTE
    ../fplib/basic.s                         0x00000000   Number         0  basic.o ABSOLUTE
    ../fplib/d2f.s                           0x00000000   Number         0  d2f.o ABSOLUTE
    ../fplib/daddsub.s                       0x00000000   Number         0  daddsub_clz.o ABSOLUTE
    ../fplib/dcmpi.s                         0x00000000   Number         0  dcmpi.o ABSOLUTE
    ../fplib/ddiv.s                          0x00000000   Number         0  ddiv.o ABSOLUTE
    ../fplib/deqf.s                          0x00000000   Number         0  deqf.o ABSOLUTE
    ../fplib/dmul.s                          0x00000000   Number         0  dmul.o ABSOLUTE
    ../fplib/dnaninf.s                       0x00000000   Number         0  dnaninf.o ABSOLUTE
    ../fplib/dretinf.s                       0x00000000   Number         0  dretinf.o ABSOLUTE
    ../fplib/f2d.s                           0x00000000   Number         0  f2d.o ABSOLUTE
    ../fplib/fnaninf.s                       0x00000000   Number         0  fnaninf.o ABSOLUTE
    ../fplib/fpinit.s                        0x00000000   Number         0  fpinit.o ABSOLUTE
    ../fplib/fretinf.s                       0x00000000   Number         0  fretinf.o ABSOLUTE
    ../fplib/istatus.s                       0x00000000   Number         0  istatus.o ABSOLUTE
    ../fplib/printf1.s                       0x00000000   Number         0  printf1.o ABSOLUTE
    ../fplib/usenofp.s                       0x00000000   Number         0  usenofp.o ABSOLUTE
    ../mathlib/asinf.c                       0x00000000   Number         0  asinf_x.o ABSOLUTE
    ../mathlib/asinf.c                       0x00000000   Number         0  asinf.o ABSOLUTE
    ../mathlib/atan.c                        0x00000000   Number         0  atan.o ABSOLUTE
    ../mathlib/atan.c                        0x00000000   Number         0  atan_x.o ABSOLUTE
    ../mathlib/atan2.c                       0x00000000   Number         0  atan2.o ABSOLUTE
    ../mathlib/atan2.c                       0x00000000   Number         0  atan2_x.o ABSOLUTE
    ../mathlib/dunder.c                      0x00000000   Number         0  dunder.o ABSOLUTE
    ../mathlib/fabs.c                        0x00000000   Number         0  fabs.o ABSOLUTE
    ../mathlib/fpclassify.c                  0x00000000   Number         0  fpclassify.o ABSOLUTE
    ../mathlib/fpclassifyf.c                 0x00000000   Number         0  fpclassifyf.o ABSOLUTE
    ../mathlib/funder.c                      0x00000000   Number         0  funder.o ABSOLUTE
    ../mathlib/poly.c                        0x00000000   Number         0  poly.o ABSOLUTE
    ../mathlib/qnan.c                        0x00000000   Number         0  qnan.o ABSOLUTE
    ../mathlib/sqrtf.c                       0x00000000   Number         0  sqrtf.o ABSOLUTE
    ../mathlib/sqrtf.c                       0x00000000   Number         0  sqrtf_x.o ABSOLUTE
    Drivers\ESP8266.c                        0x00000000   Number         0  esp8266.o ABSOLUTE
    Drivers\GY-86.c                          0x00000000   Number         0  gy-86.o ABSOLUTE
    Drivers\Motor.c                          0x00000000   Number         0  motor.o ABSOLUTE
    Drivers\OLED.c                           0x00000000   Number         0  oled.o ABSOLUTE
    Drivers\\ESP8266.c                       0x00000000   Number         0  esp8266.o ABSOLUTE
    Drivers\\GY-86.c                         0x00000000   Number         0  gy-86.o ABSOLUTE
    Drivers\\Motor.c                         0x00000000   Number         0  motor.o ABSOLUTE
    Drivers\\OLED.c                          0x00000000   Number         0  oled.o ABSOLUTE
    Lib\MyI2C.c                              0x00000000   Number         0  myi2c.o ABSOLUTE
    Lib\MyTIM.c                              0x00000000   Number         0  mytim.o ABSOLUTE
    Lib\MyUART.c                             0x00000000   Number         0  myuart.o ABSOLUTE
    Lib\\MyI2C.c                             0x00000000   Number         0  myi2c.o ABSOLUTE
    Lib\\MyTIM.c                             0x00000000   Number         0  mytim.o ABSOLUTE
    Lib\\MyUART.c                            0x00000000   Number         0  myuart.o ABSOLUTE
    Lib\zimo.c                               0x00000000   Number         0  zimo.o ABSOLUTE
    RTE/Device/STM32F401RETx/startup_stm32f401xe.s 0x00000000   Number         0  startup_stm32f401xe.o ABSOLUTE
    RTE/Device/STM32F401RETx/system_stm32f4xx.c 0x00000000   Number         0  system_stm32f4xx.o ABSOLUTE
    RTE\Device\STM32F401RETx\system_stm32f4xx.c 0x00000000   Number         0  system_stm32f4xx.o ABSOLUTE
    User\Madgwick.c                          0x00000000   Number         0  madgwick.o ABSOLUTE
    User\\Madgwick.c                         0x00000000   Number         0  madgwick.o ABSOLUTE
    User\\anotc.c                            0x00000000   Number         0  anotc.o ABSOLUTE
    User\\main.c                             0x00000000   Number         0  main.o ABSOLUTE
    User\anotc.c                             0x00000000   Number         0  anotc.o ABSOLUTE
    User\main.c                              0x00000000   Number         0  main.o ABSOLUTE
    User\my_math.c                           0x00000000   Number         0  my_math.o ABSOLUTE
    dc.s                                     0x00000000   Number         0  dc.o ABSOLUTE
    RESET                                    0x08000000   Section      404  startup_stm32f401xe.o(RESET)
    !!!main                                  0x08000194   Section        8  __main.o(!!!main)
    !!!scatter                               0x0800019c   Section       52  __scatter.o(!!!scatter)
    !!handler_copy                           0x080001d0   Section       26  __scatter_copy.o(!!handler_copy)
    !!handler_zi                             0x080001ec   Section       28  __scatter_zi.o(!!handler_zi)
    .ARM.Collect$$libinit$$00000000          0x08000208   Section        2  libinit.o(.ARM.Collect$$libinit$$00000000)
    .ARM.Collect$$libinit$$00000001          0x0800020a   Section        4  libinit2.o(.ARM.Collect$$libinit$$00000001)
    .ARM.Collect$$libinit$$00000004          0x0800020e   Section        0  libinit2.o(.ARM.Collect$$libinit$$00000004)
    .ARM.Collect$$libinit$$0000000A          0x0800020e   Section        0  libinit2.o(.ARM.Collect$$libinit$$0000000A)
    .ARM.Collect$$libinit$$0000000C          0x0800020e   Section        0  libinit2.o(.ARM.Collect$$libinit$$0000000C)
    .ARM.Collect$$libinit$$0000000E          0x0800020e   Section        0  libinit2.o(.ARM.Collect$$libinit$$0000000E)
    .ARM.Collect$$libinit$$00000011          0x0800020e   Section        0  libinit2.o(.ARM.Collect$$libinit$$00000011)
    .ARM.Collect$$libinit$$00000013          0x0800020e   Section        0  libinit2.o(.ARM.Collect$$libinit$$00000013)
    .ARM.Collect$$libinit$$00000015          0x0800020e   Section        0  libinit2.o(.ARM.Collect$$libinit$$00000015)
    .ARM.Collect$$libinit$$00000017          0x0800020e   Section        0  libinit2.o(.ARM.Collect$$libinit$$00000017)
    .ARM.Collect$$libinit$$00000019          0x0800020e   Section        0  libinit2.o(.ARM.Collect$$libinit$$00000019)
    .ARM.Collect$$libinit$$0000001B          0x0800020e   Section        0  libinit2.o(.ARM.Collect$$libinit$$0000001B)
    .ARM.Collect$$libinit$$0000001D          0x0800020e   Section        0  libinit2.o(.ARM.Collect$$libinit$$0000001D)
    .ARM.Collect$$libinit$$0000001F          0x0800020e   Section        0  libinit2.o(.ARM.Collect$$libinit$$0000001F)
    .ARM.Collect$$libinit$$00000021          0x0800020e   Section        0  libinit2.o(.ARM.Collect$$libinit$$00000021)
    .ARM.Collect$$libinit$$00000023          0x0800020e   Section        0  libinit2.o(.ARM.Collect$$libinit$$00000023)
    .ARM.Collect$$libinit$$00000025          0x0800020e   Section        0  libinit2.o(.ARM.Collect$$libinit$$00000025)
    .ARM.Collect$$libinit$$0000002C          0x0800020e   Section        0  libinit2.o(.ARM.Collect$$libinit$$0000002C)
    .ARM.Collect$$libinit$$0000002E          0x0800020e   Section        0  libinit2.o(.ARM.Collect$$libinit$$0000002E)
    .ARM.Collect$$libinit$$00000030          0x0800020e   Section        0  libinit2.o(.ARM.Collect$$libinit$$00000030)
    .ARM.Collect$$libinit$$00000032          0x0800020e   Section        0  libinit2.o(.ARM.Collect$$libinit$$00000032)
    .ARM.Collect$$libinit$$00000033          0x0800020e   Section        2  libinit2.o(.ARM.Collect$$libinit$$00000033)
    .ARM.Collect$$libshutdown$$00000000      0x08000210   Section        2  libshutdown.o(.ARM.Collect$$libshutdown$$00000000)
    .ARM.Collect$$libshutdown$$00000002      0x08000212   Section        0  libshutdown2.o(.ARM.Collect$$libshutdown$$00000002)
    .ARM.Collect$$libshutdown$$00000004      0x08000212   Section        0  libshutdown2.o(.ARM.Collect$$libshutdown$$00000004)
    .ARM.Collect$$libshutdown$$00000006      0x08000212   Section        0  libshutdown2.o(.ARM.Collect$$libshutdown$$00000006)
    .ARM.Collect$$libshutdown$$00000009      0x08000212   Section        0  libshutdown2.o(.ARM.Collect$$libshutdown$$00000009)
    .ARM.Collect$$libshutdown$$0000000C      0x08000212   Section        0  libshutdown2.o(.ARM.Collect$$libshutdown$$0000000C)
    .ARM.Collect$$libshutdown$$0000000E      0x08000212   Section        0  libshutdown2.o(.ARM.Collect$$libshutdown$$0000000E)
    .ARM.Collect$$libshutdown$$00000011      0x08000212   Section        0  libshutdown2.o(.ARM.Collect$$libshutdown$$00000011)
    .ARM.Collect$$libshutdown$$00000012      0x08000212   Section        2  libshutdown2.o(.ARM.Collect$$libshutdown$$00000012)
    .ARM.Collect$$rtentry$$00000000          0x08000214   Section        0  __rtentry.o(.ARM.Collect$$rtentry$$00000000)
    .ARM.Collect$$rtentry$$00000002          0x08000214   Section        0  __rtentry2.o(.ARM.Collect$$rtentry$$00000002)
    .ARM.Collect$$rtentry$$00000004          0x08000214   Section        6  __rtentry4.o(.ARM.Collect$$rtentry$$00000004)
    .ARM.Collect$$rtentry$$00000009          0x0800021a   Section        0  __rtentry2.o(.ARM.Collect$$rtentry$$00000009)
    .ARM.Collect$$rtentry$$0000000A          0x0800021a   Section        4  __rtentry2.o(.ARM.Collect$$rtentry$$0000000A)
    .ARM.Collect$$rtentry$$0000000C          0x0800021e   Section        0  __rtentry2.o(.ARM.Collect$$rtentry$$0000000C)
    .ARM.Collect$$rtentry$$0000000D          0x0800021e   Section        8  __rtentry2.o(.ARM.Collect$$rtentry$$0000000D)
    .ARM.Collect$$rtexit$$00000000           0x08000226   Section        2  rtexit.o(.ARM.Collect$$rtexit$$00000000)
    .ARM.Collect$$rtexit$$00000002           0x08000228   Section        0  rtexit2.o(.ARM.Collect$$rtexit$$00000002)
    .ARM.Collect$$rtexit$$00000003           0x08000228   Section        4  rtexit2.o(.ARM.Collect$$rtexit$$00000003)
    .ARM.Collect$$rtexit$$00000004           0x0800022c   Section        6  rtexit2.o(.ARM.Collect$$rtexit$$00000004)
    .text                                    0x08000234   Section       64  startup_stm32f401xe.o(.text)
    $v0                                      0x08000234   Number         0  startup_stm32f401xe.o(.text)
    .text                                    0x08000274   Section        0  strstr.o(.text)
    .text                                    0x08000298   Section       78  rt_memclr_w.o(.text)
    .text                                    0x080002e6   Section        0  heapauxi.o(.text)
    .text                                    0x080002ec   Section        0  _rserrno.o(.text)
    .text                                    0x08000304   Section        8  rt_errno_addr_intlibspace.o(.text)
    .text                                    0x0800030c   Section        8  libspace.o(.text)
    .text                                    0x08000314   Section       74  sys_stackheap_outer.o(.text)
    .text                                    0x0800035e   Section        0  exit.o(.text)
    .text                                    0x08000370   Section        2  use_no_semi.o(.text)
    .text                                    0x08000372   Section        0  indicate_semi.o(.text)
    .text                                    0x08000374   Section        0  sys_exit.o(.text)
    i.Anotc_Send_Eulra                       0x08000380   Section        0  anotc.o(i.Anotc_Send_Eulra)
    i.ESP_Init                               0x08000444   Section        0  esp8266.o(i.ESP_Init)
    i.GY86_adj                               0x08000850   Section        0  gy-86.o(i.GY86_adj)
    i.HMC_Init                               0x08000900   Section        0  gy-86.o(i.HMC_Init)
    i.HMC_Read                               0x08000918   Section        0  gy-86.o(i.HMC_Read)
    i.HMC_Trans                              0x08000a00   Section        0  gy-86.o(i.HMC_Trans)
    i.MPU_Init                               0x08000a90   Section        0  gy-86.o(i.MPU_Init)
    i.MPU_Read                               0x08000ad8   Section        0  gy-86.o(i.MPU_Read)
    i.MPU_Trans                              0x08000c4c   Section        0  gy-86.o(i.MPU_Trans)
    i.MY_Delay                               0x08000d70   Section        0  mytim.o(i.MY_Delay)
    i.MY_Delay_Init                          0x08000da8   Section        0  mytim.o(i.MY_Delay_Init)
    i.MY_I2C_Init                            0x08000de8   Section        0  myi2c.o(i.MY_I2C_Init)
    i.MY_I2C_Receive                         0x08000e9c   Section        0  myi2c.o(i.MY_I2C_Receive)
    i.MY_I2C_Send                            0x08000fd4   Section        0  myi2c.o(i.MY_I2C_Send)
    i.MY_I2C_Start                           0x0800108c   Section        0  myi2c.o(i.MY_I2C_Start)
    i.MY_System_Config                       0x080010dc   Section        0  main.o(i.MY_System_Config)
    i.MY_TIMER_Init                          0x0800121c   Section        0  mytim.o(i.MY_TIMER_Init)
    i.MY_TIM_Init                            0x08001264   Section        0  mytim.o(i.MY_TIM_Init)
    i.MY_UART_Init                           0x080013b8   Section        0  myuart.o(i.MY_UART_Init)
    i.MY_UART_Send                           0x08001448   Section        0  myuart.o(i.MY_UART_Send)
    i.Motor_Init                             0x08001470   Section        0  motor.o(i.Motor_Init)
    i.Motor_Output                           0x080014ec   Section        0  motor.o(i.Motor_Output)
    i.My_Madgwick_Update                     0x08001654   Section        0  madgwick.o(i.My_Madgwick_Update)
    i.OLED_All                               0x0800245c   Section        0  oled.o(i.OLED_All)
    i.OLED_ClnAllDRAM                        0x080024c8   Section        0  oled.o(i.OLED_ClnAllDRAM)
    i.OLED_ClnDRAM                           0x080024f0   Section        0  oled.o(i.OLED_ClnDRAM)
    i.OLED_DT                                0x08002520   Section        0  oled.o(i.OLED_DT)
    i.OLED_Init                              0x08002648   Section        0  oled.o(i.OLED_Init)
    i.OLED_ResetOffset                       0x0800267c   Section        0  oled.o(i.OLED_ResetOffset)
    i.OLED_SC                                0x08002690   Section        0  oled.o(i.OLED_SC)
    i.OLED_SS                                0x08002714   Section        0  oled.o(i.OLED_SS)
    i.OLED_WriteRAM                          0x080027fc   Section        0  oled.o(i.OLED_WriteRAM)
    i.OLED_println                           0x080028d8   Section        0  oled.o(i.OLED_println)
    i.PitchPID                               0x080029a0   Section        0  motor.o(i.PitchPID)
    i.RollPID                                0x08002abc   Section        0  motor.o(i.RollPID)
    i.SystemInit                             0x08002be0   Section        0  system_stm32f4xx.o(i.SystemInit)
    i.TIM1_CC_IRQHandler                     0x08002bfc   Section        0  mytim.o(i.TIM1_CC_IRQHandler)
    i.TIM1_UP_TIM10_IRQHandler               0x08002c28   Section        0  mytim.o(i.TIM1_UP_TIM10_IRQHandler)
    i.TIM2_IRQHandler                        0x08002c44   Section        0  mytim.o(i.TIM2_IRQHandler)
    i.USART1_IRQHandler                      0x08002c6c   Section        0  myuart.o(i.USART1_IRQHandler)
    i.YawPID                                 0x08002cc0   Section        0  motor.o(i.YawPID)
    i.__ARM_fpclassify                       0x08002dd0   Section        0  fpclassify.o(i.__ARM_fpclassify)
    i.__ARM_fpclassifyf                      0x08002e00   Section        0  fpclassifyf.o(i.__ARM_fpclassifyf)
    i.__hardfp_asinf                         0x08002e28   Section        0  asinf.o(i.__hardfp_asinf)
    i.__hardfp_atan                          0x08002f58   Section        0  atan.o(i.__hardfp_atan)
    i.__hardfp_atan2                         0x08003230   Section        0  atan2.o(i.__hardfp_atan2)
    i.__kernel_poly                          0x08003430   Section        0  poly.o(i.__kernel_poly)
    i.__mathlib_dbl_infnan                   0x08003528   Section        0  dunder.o(i.__mathlib_dbl_infnan)
    i.__mathlib_dbl_infnan2                  0x0800353c   Section        0  dunder.o(i.__mathlib_dbl_infnan2)
    i.__mathlib_dbl_underflow                0x08003550   Section        0  dunder.o(i.__mathlib_dbl_underflow)
    i.__mathlib_flt_infnan                   0x08003570   Section        0  funder.o(i.__mathlib_flt_infnan)
    i.__mathlib_flt_invalid                  0x08003578   Section        0  funder.o(i.__mathlib_flt_invalid)
    i.__mathlib_flt_underflow                0x08003588   Section        0  funder.o(i.__mathlib_flt_underflow)
    i.atan                                   0x08003598   Section        0  atan.o(i.atan)
    i.fabs                                   0x080035a8   Section        0  fabs.o(i.fabs)
    i.invsqrt                                0x080035c0   Section        0  my_math.o(i.invsqrt)
    i.main                                   0x08003614   Section        0  main.o(i.main)
    i.my_sqrt                                0x08003720   Section        0  my_math.o(i.my_sqrt)
    i.sqrtf                                  0x0800373c   Section        0  sqrtf.o(i.sqrtf)
    x$fpl$basic                              0x0800377a   Section       24  basic.o(x$fpl$basic)
    $v0                                      0x0800377a   Number         0  basic.o(x$fpl$basic)
    x$fpl$d2f                                0x08003794   Section       98  d2f.o(x$fpl$d2f)
    $v0                                      0x08003794   Number         0  d2f.o(x$fpl$d2f)
    x$fpl$dadd                               0x080037f8   Section      336  daddsub_clz.o(x$fpl$dadd)
    $v0                                      0x080037f8   Number         0  daddsub_clz.o(x$fpl$dadd)
    _dadd1                                   0x08003809   Thumb Code     0  daddsub_clz.o(x$fpl$dadd)
    x$fpl$dcmpinf                            0x08003948   Section       24  dcmpi.o(x$fpl$dcmpinf)
    $v0                                      0x08003948   Number         0  dcmpi.o(x$fpl$dcmpinf)
    x$fpl$ddiv                               0x08003960   Section      688  ddiv.o(x$fpl$ddiv)
    $v0                                      0x08003960   Number         0  ddiv.o(x$fpl$ddiv)
    ddiv_entry                               0x08003967   Thumb Code     0  ddiv.o(x$fpl$ddiv)
    x$fpl$deqf                               0x08003c10   Section      120  deqf.o(x$fpl$deqf)
    $v0                                      0x08003c10   Number         0  deqf.o(x$fpl$deqf)
    x$fpl$dmul                               0x08003c88   Section      340  dmul.o(x$fpl$dmul)
    $v0                                      0x08003c88   Number         0  dmul.o(x$fpl$dmul)
    x$fpl$dnaninf                            0x08003ddc   Section      156  dnaninf.o(x$fpl$dnaninf)
    $v0                                      0x08003ddc   Number         0  dnaninf.o(x$fpl$dnaninf)
    x$fpl$dretinf                            0x08003e78   Section       12  dretinf.o(x$fpl$dretinf)
    $v0                                      0x08003e78   Number         0  dretinf.o(x$fpl$dretinf)
    x$fpl$drsb                               0x08003e84   Section       22  daddsub_clz.o(x$fpl$drsb)
    $v0                                      0x08003e84   Number         0  daddsub_clz.o(x$fpl$drsb)
    x$fpl$dsub                               0x08003e9c   Section      468  daddsub_clz.o(x$fpl$dsub)
    $v0                                      0x08003e9c   Number         0  daddsub_clz.o(x$fpl$dsub)
    _dsub1                                   0x08003ead   Thumb Code     0  daddsub_clz.o(x$fpl$dsub)
    x$fpl$f2d                                0x08004070   Section       86  f2d.o(x$fpl$f2d)
    $v0                                      0x08004070   Number         0  f2d.o(x$fpl$f2d)
    x$fpl$fnaninf                            0x080040c6   Section      140  fnaninf.o(x$fpl$fnaninf)
    $v0                                      0x080040c6   Number         0  fnaninf.o(x$fpl$fnaninf)
    x$fpl$fpinit                             0x08004152   Section       10  fpinit.o(x$fpl$fpinit)
    $v0                                      0x08004152   Number         0  fpinit.o(x$fpl$fpinit)
    x$fpl$fretinf                            0x0800415c   Section       10  fretinf.o(x$fpl$fretinf)
    $v0                                      0x0800415c   Number         0  fretinf.o(x$fpl$fretinf)
    x$fpl$usenofp                            0x08004166   Section        0  usenofp.o(x$fpl$usenofp)
    .constdata                               0x08004168   Section       32  anotc.o(.constdata)
    .constdata                               0x08004188   Section     3208  zimo.o(.constdata)
    .constdata                               0x08004e10   Section      152  atan.o(.constdata)
    atanhi                                   0x08004e10   Data          32  atan.o(.constdata)
    atanlo                                   0x08004e30   Data          32  atan.o(.constdata)
    aTodd                                    0x08004e50   Data          40  atan.o(.constdata)
    aTeven                                   0x08004e78   Data          48  atan.o(.constdata)
    .constdata                               0x08004ea8   Section        8  qnan.o(.constdata)
    .data                                    0x20000000   Section        1  main.o(.data)
    .data                                    0x20000004   Section       16  madgwick.o(.data)
    quat                                     0x20000004   Data          16  madgwick.o(.data)
    .data                                    0x20000014   Section        4  myuart.o(.data)
    RL                                       0x20000014   Data           4  myuart.o(.data)
    .data                                    0x20000018   Section        1  mytim.o(.data)
    .data                                    0x20000019   Section        5  oled.o(.data)
    cnt                                      0x20000019   Data           1  oled.o(.data)
    line                                     0x2000001a   Data           1  oled.o(.data)
    OLED_MOVDOWN                             0x2000001b   Data           3  oled.o(.data)
    .data                                    0x20000020   Section       16  gy-86.o(.data)
    .data                                    0x20000030   Section       48  motor.o(.data)
    Alast                                    0x20000030   Data           4  motor.o(.data)
    Asum                                     0x20000034   Data           4  motor.o(.data)
    Vlast                                    0x20000038   Data           4  motor.o(.data)
    Vsum                                     0x2000003c   Data           4  motor.o(.data)
    Alast                                    0x20000040   Data           4  motor.o(.data)
    Asum                                     0x20000044   Data           4  motor.o(.data)
    Vlast                                    0x20000048   Data           4  motor.o(.data)
    Vsum                                     0x2000004c   Data           4  motor.o(.data)
    Alast                                    0x20000050   Data           4  motor.o(.data)
    Asum                                     0x20000054   Data           4  motor.o(.data)
    Vlast                                    0x20000058   Data           4  motor.o(.data)
    Vsum                                     0x2000005c   Data           4  motor.o(.data)
    .data                                    0x20000060   Section        4  system_stm32f4xx.o(.data)
    .bss                                     0x20000064   Section       12  madgwick.o(.bss)
    .bss                                     0x20000070   Section      128  myuart.o(.bss)
    .bss                                     0x200000f0   Section       18  mytim.o(.bss)
    .bss                                     0x20000102   Section     1024  oled.o(.bss)
    .bss                                     0x20000504   Section      184  gy-86.o(.bss)
    .bss                                     0x200005bc   Section       96  libspace.o(.bss)
    HEAP                                     0x20000620   Section      512  startup_stm32f401xe.o(HEAP)
    Heap_Mem                                 0x20000620   Data         512  startup_stm32f401xe.o(HEAP)
    STACK                                    0x20000820   Section     1024  startup_stm32f401xe.o(STACK)
    Stack_Mem                                0x20000820   Data        1024  startup_stm32f401xe.o(STACK)
    __initial_sp                             0x20000c20   Data           0  startup_stm32f401xe.o(STACK)

    Global Symbols

    Symbol Name                              Value     Ov Type        Size  Object(Section)

    BuildAttributes$$THM_ISAv4$E$P$D$K$B$S$7EM$VFPi3$EXTD16$VFPS$VFMA$PE$A:L22UL41UL21$X:L11$S22US41US21$IEEE1$IW$USESV6$~STKCKD$USESV7$~SHL$OTIME$ROPI$IEEEX$EBA8$UX$STANDARDLIB$REQ8$PRES8$EABIv2 0x00000000   Number         0  anon$$obj.o ABSOLUTE
    __ARM_use_no_argv                        0x00000000   Number         0  main.o ABSOLUTE
    _printf_flags                            0x00000000   Number         0  printf_stubs.o ABSOLUTE
    _printf_return_value                     0x00000000   Number         0  printf_stubs.o ABSOLUTE
    _printf_sizespec                         0x00000000   Number         0  printf_stubs.o ABSOLUTE
    _printf_widthprec                        0x00000000   Number         0  printf_stubs.o ABSOLUTE
    __ARM_exceptions_init                     - Undefined Weak Reference
    __alloca_initialize                       - Undefined Weak Reference
    __arm_fini_                               - Undefined Weak Reference
    __arm_preinit_                            - Undefined Weak Reference
    __cpp_initialize__aeabi_                  - Undefined Weak Reference
    __cxa_finalize                            - Undefined Weak Reference
    __sigvec_lookup                           - Undefined Weak Reference
    __user_heap_extent                        - Undefined Weak Reference
    _atexit_init                              - Undefined Weak Reference
    _call_atexit_fns                          - Undefined Weak Reference
    _clock_init                               - Undefined Weak Reference
    _fp_trap_init                             - Undefined Weak Reference
    _fp_trap_shutdown                         - Undefined Weak Reference
    _get_lc_collate                           - Undefined Weak Reference
    _get_lc_ctype                             - Undefined Weak Reference
    _get_lc_monetary                          - Undefined Weak Reference
    _get_lc_time                              - Undefined Weak Reference
    _getenv_init                              - Undefined Weak Reference
    _handle_redirection                       - Undefined Weak Reference
    _mutex_acquire                            - Undefined Weak Reference
    _mutex_free                               - Undefined Weak Reference
    _mutex_release                            - Undefined Weak Reference
    _printf_truncate_signed                   - Undefined Weak Reference
    _printf_truncate_unsigned                 - Undefined Weak Reference
    _rand_init                                - Undefined Weak Reference
    _signal_finish                            - Undefined Weak Reference
    _signal_init                              - Undefined Weak Reference
    __Vectors_Size                           0x00000194   Number         0  startup_stm32f401xe.o ABSOLUTE
    __Vectors                                0x08000000   Data           4  startup_stm32f401xe.o(RESET)
    __Vectors_End                            0x08000194   Data           0  startup_stm32f401xe.o(RESET)
    __main                                   0x08000195   Thumb Code     8  __main.o(!!!main)
    __scatterload                            0x0800019d   Thumb Code     0  __scatter.o(!!!scatter)
    __scatterload_rt2                        0x0800019d   Thumb Code    44  __scatter.o(!!!scatter)
    __scatterload_rt2_thumb_only             0x0800019d   Thumb Code     0  __scatter.o(!!!scatter)
    __scatterload_null                       0x080001ab   Thumb Code     0  __scatter.o(!!!scatter)
    __scatterload_copy                       0x080001d1   Thumb Code    26  __scatter_copy.o(!!handler_copy)
    __scatterload_zeroinit                   0x080001ed   Thumb Code    28  __scatter_zi.o(!!handler_zi)
    __rt_lib_init                            0x08000209   Thumb Code     0  libinit.o(.ARM.Collect$$libinit$$00000000)
    __rt_lib_init_fp_1                       0x0800020b   Thumb Code     0  libinit2.o(.ARM.Collect$$libinit$$00000001)
    __rt_lib_init_alloca_1                   0x0800020f   Thumb Code     0  libinit2.o(.ARM.Collect$$libinit$$0000002E)
    __rt_lib_init_argv_1                     0x0800020f   Thumb Code     0  libinit2.o(.ARM.Collect$$libinit$$0000002C)
    __rt_lib_init_atexit_1                   0x0800020f   Thumb Code     0  libinit2.o(.ARM.Collect$$libinit$$0000001B)
    __rt_lib_init_clock_1                    0x0800020f   Thumb Code     0  libinit2.o(.ARM.Collect$$libinit$$00000021)
    __rt_lib_init_cpp_1                      0x0800020f   Thumb Code     0  libinit2.o(.ARM.Collect$$libinit$$00000032)
    __rt_lib_init_exceptions_1               0x0800020f   Thumb Code     0  libinit2.o(.ARM.Collect$$libinit$$00000030)
    __rt_lib_init_fp_trap_1                  0x0800020f   Thumb Code     0  libinit2.o(.ARM.Collect$$libinit$$0000001F)
    __rt_lib_init_getenv_1                   0x0800020f   Thumb Code     0  libinit2.o(.ARM.Collect$$libinit$$00000023)
    __rt_lib_init_heap_1                     0x0800020f   Thumb Code     0  libinit2.o(.ARM.Collect$$libinit$$0000000A)
    __rt_lib_init_lc_collate_1               0x0800020f   Thumb Code     0  libinit2.o(.ARM.Collect$$libinit$$00000011)
    __rt_lib_init_lc_ctype_1                 0x0800020f   Thumb Code     0  libinit2.o(.ARM.Collect$$libinit$$00000013)
    __rt_lib_init_lc_monetary_1              0x0800020f   Thumb Code     0  libinit2.o(.ARM.Collect$$libinit$$00000015)
    __rt_lib_init_lc_numeric_1               0x0800020f   Thumb Code     0  libinit2.o(.ARM.Collect$$libinit$$00000017)
    __rt_lib_init_lc_time_1                  0x0800020f   Thumb Code     0  libinit2.o(.ARM.Collect$$libinit$$00000019)
    __rt_lib_init_preinit_1                  0x0800020f   Thumb Code     0  libinit2.o(.ARM.Collect$$libinit$$00000004)
    __rt_lib_init_rand_1                     0x0800020f   Thumb Code     0  libinit2.o(.ARM.Collect$$libinit$$0000000E)
    __rt_lib_init_return                     0x0800020f   Thumb Code     0  libinit2.o(.ARM.Collect$$libinit$$00000033)
    __rt_lib_init_signal_1                   0x0800020f   Thumb Code     0  libinit2.o(.ARM.Collect$$libinit$$0000001D)
    __rt_lib_init_stdio_1                    0x0800020f   Thumb Code     0  libinit2.o(.ARM.Collect$$libinit$$00000025)
    __rt_lib_init_user_alloc_1               0x0800020f   Thumb Code     0  libinit2.o(.ARM.Collect$$libinit$$0000000C)
    __rt_lib_shutdown                        0x08000211   Thumb Code     0  libshutdown.o(.ARM.Collect$$libshutdown$$00000000)
    __rt_lib_shutdown_cpp_1                  0x08000213   Thumb Code     0  libshutdown2.o(.ARM.Collect$$libshutdown$$00000004)
    __rt_lib_shutdown_fini_1                 0x08000213   Thumb Code     0  libshutdown2.o(.ARM.Collect$$libshutdown$$00000002)
    __rt_lib_shutdown_fp_trap_1              0x08000213   Thumb Code     0  libshutdown2.o(.ARM.Collect$$libshutdown$$00000009)
    __rt_lib_shutdown_heap_1                 0x08000213   Thumb Code     0  libshutdown2.o(.ARM.Collect$$libshutdown$$00000011)
    __rt_lib_shutdown_return                 0x08000213   Thumb Code     0  libshutdown2.o(.ARM.Collect$$libshutdown$$00000012)
    __rt_lib_shutdown_signal_1               0x08000213   Thumb Code     0  libshutdown2.o(.ARM.Collect$$libshutdown$$0000000C)
    __rt_lib_shutdown_stdio_1                0x08000213   Thumb Code     0  libshutdown2.o(.ARM.Collect$$libshutdown$$00000006)
    __rt_lib_shutdown_user_alloc_1           0x08000213   Thumb Code     0  libshutdown2.o(.ARM.Collect$$libshutdown$$0000000E)
    __rt_entry                               0x08000215   Thumb Code     0  __rtentry.o(.ARM.Collect$$rtentry$$00000000)
    __rt_entry_presh_1                       0x08000215   Thumb Code     0  __rtentry2.o(.ARM.Collect$$rtentry$$00000002)
    __rt_entry_sh                            0x08000215   Thumb Code     0  __rtentry4.o(.ARM.Collect$$rtentry$$00000004)
    __rt_entry_li                            0x0800021b   Thumb Code     0  __rtentry2.o(.ARM.Collect$$rtentry$$0000000A)
    __rt_entry_postsh_1                      0x0800021b   Thumb Code     0  __rtentry2.o(.ARM.Collect$$rtentry$$00000009)
    __rt_entry_main                          0x0800021f   Thumb Code     0  __rtentry2.o(.ARM.Collect$$rtentry$$0000000D)
    __rt_entry_postli_1                      0x0800021f   Thumb Code     0  __rtentry2.o(.ARM.Collect$$rtentry$$0000000C)
    __rt_exit                                0x08000227   Thumb Code     0  rtexit.o(.ARM.Collect$$rtexit$$00000000)
    __rt_exit_ls                             0x08000229   Thumb Code     0  rtexit2.o(.ARM.Collect$$rtexit$$00000003)
    __rt_exit_prels_1                        0x08000229   Thumb Code     0  rtexit2.o(.ARM.Collect$$rtexit$$00000002)
    __rt_exit_exit                           0x0800022d   Thumb Code     0  rtexit2.o(.ARM.Collect$$rtexit$$00000004)
    Reset_Handler                            0x08000235   Thumb Code     8  startup_stm32f401xe.o(.text)
    NMI_Handler                              0x0800023d   Thumb Code     2  startup_stm32f401xe.o(.text)
    HardFault_Handler                        0x0800023f   Thumb Code     2  startup_stm32f401xe.o(.text)
    MemManage_Handler                        0x08000241   Thumb Code     2  startup_stm32f401xe.o(.text)
    BusFault_Handler                         0x08000243   Thumb Code     2  startup_stm32f401xe.o(.text)
    UsageFault_Handler                       0x08000245   Thumb Code     2  startup_stm32f401xe.o(.text)
    SVC_Handler                              0x08000247   Thumb Code     2  startup_stm32f401xe.o(.text)
    DebugMon_Handler                         0x08000249   Thumb Code     2  startup_stm32f401xe.o(.text)
    PendSV_Handler                           0x0800024b   Thumb Code     2  startup_stm32f401xe.o(.text)
    SysTick_Handler                          0x0800024d   Thumb Code     2  startup_stm32f401xe.o(.text)
    ADC_IRQHandler                           0x0800024f   Thumb Code     0  startup_stm32f401xe.o(.text)
    DMA1_Stream0_IRQHandler                  0x0800024f   Thumb Code     0  startup_stm32f401xe.o(.text)
    DMA1_Stream1_IRQHandler                  0x0800024f   Thumb Code     0  startup_stm32f401xe.o(.text)
    DMA1_Stream2_IRQHandler                  0x0800024f   Thumb Code     0  startup_stm32f401xe.o(.text)
    DMA1_Stream3_IRQHandler                  0x0800024f   Thumb Code     0  startup_stm32f401xe.o(.text)
    DMA1_Stream4_IRQHandler                  0x0800024f   Thumb Code     0  startup_stm32f401xe.o(.text)
    DMA1_Stream5_IRQHandler                  0x0800024f   Thumb Code     0  startup_stm32f401xe.o(.text)
    DMA1_Stream6_IRQHandler                  0x0800024f   Thumb Code     0  startup_stm32f401xe.o(.text)
    DMA1_Stream7_IRQHandler                  0x0800024f   Thumb Code     0  startup_stm32f401xe.o(.text)
    DMA2_Stream0_IRQHandler                  0x0800024f   Thumb Code     0  startup_stm32f401xe.o(.text)
    DMA2_Stream1_IRQHandler                  0x0800024f   Thumb Code     0  startup_stm32f401xe.o(.text)
    DMA2_Stream2_IRQHandler                  0x0800024f   Thumb Code     0  startup_stm32f401xe.o(.text)
    DMA2_Stream3_IRQHandler                  0x0800024f   Thumb Code     0  startup_stm32f401xe.o(.text)
    DMA2_Stream4_IRQHandler                  0x0800024f   Thumb Code     0  startup_stm32f401xe.o(.text)
    DMA2_Stream5_IRQHandler                  0x0800024f   Thumb Code     0  startup_stm32f401xe.o(.text)
    DMA2_Stream6_IRQHandler                  0x0800024f   Thumb Code     0  startup_stm32f401xe.o(.text)
    DMA2_Stream7_IRQHandler                  0x0800024f   Thumb Code     0  startup_stm32f401xe.o(.text)
    EXTI0_IRQHandler                         0x0800024f   Thumb Code     0  startup_stm32f401xe.o(.text)
    EXTI15_10_IRQHandler                     0x0800024f   Thumb Code     0  startup_stm32f401xe.o(.text)
    EXTI1_IRQHandler                         0x0800024f   Thumb Code     0  startup_stm32f401xe.o(.text)
    EXTI2_IRQHandler                         0x0800024f   Thumb Code     0  startup_stm32f401xe.o(.text)
    EXTI3_IRQHandler                         0x0800024f   Thumb Code     0  startup_stm32f401xe.o(.text)
    EXTI4_IRQHandler                         0x0800024f   Thumb Code     0  startup_stm32f401xe.o(.text)
    EXTI9_5_IRQHandler                       0x0800024f   Thumb Code     0  startup_stm32f401xe.o(.text)
    FLASH_IRQHandler                         0x0800024f   Thumb Code     0  startup_stm32f401xe.o(.text)
    FPU_IRQHandler                           0x0800024f   Thumb Code     0  startup_stm32f401xe.o(.text)
    I2C1_ER_IRQHandler                       0x0800024f   Thumb Code     0  startup_stm32f401xe.o(.text)
    I2C1_EV_IRQHandler                       0x0800024f   Thumb Code     0  startup_stm32f401xe.o(.text)
    I2C2_ER_IRQHandler                       0x0800024f   Thumb Code     0  startup_stm32f401xe.o(.text)
    I2C2_EV_IRQHandler                       0x0800024f   Thumb Code     0  startup_stm32f401xe.o(.text)
    I2C3_ER_IRQHandler                       0x0800024f   Thumb Code     0  startup_stm32f401xe.o(.text)
    I2C3_EV_IRQHandler                       0x0800024f   Thumb Code     0  startup_stm32f401xe.o(.text)
    OTG_FS_IRQHandler                        0x0800024f   Thumb Code     0  startup_stm32f401xe.o(.text)
    OTG_FS_WKUP_IRQHandler                   0x0800024f   Thumb Code     0  startup_stm32f401xe.o(.text)
    PVD_IRQHandler                           0x0800024f   Thumb Code     0  startup_stm32f401xe.o(.text)
    RCC_IRQHandler                           0x0800024f   Thumb Code     0  startup_stm32f401xe.o(.text)
    RTC_Alarm_IRQHandler                     0x0800024f   Thumb Code     0  startup_stm32f401xe.o(.text)
    RTC_WKUP_IRQHandler                      0x0800024f   Thumb Code     0  startup_stm32f401xe.o(.text)
    SDIO_IRQHandler                          0x0800024f   Thumb Code     0  startup_stm32f401xe.o(.text)
    SPI1_IRQHandler                          0x0800024f   Thumb Code     0  startup_stm32f401xe.o(.text)
    SPI2_IRQHandler                          0x0800024f   Thumb Code     0  startup_stm32f401xe.o(.text)
    SPI3_IRQHandler                          0x0800024f   Thumb Code     0  startup_stm32f401xe.o(.text)
    SPI4_IRQHandler                          0x0800024f   Thumb Code     0  startup_stm32f401xe.o(.text)
    TAMP_STAMP_IRQHandler                    0x0800024f   Thumb Code     0  startup_stm32f401xe.o(.text)
    TIM1_BRK_TIM9_IRQHandler                 0x0800024f   Thumb Code     0  startup_stm32f401xe.o(.text)
    TIM1_TRG_COM_TIM11_IRQHandler            0x0800024f   Thumb Code     0  startup_stm32f401xe.o(.text)
    TIM3_IRQHandler                          0x0800024f   Thumb Code     0  startup_stm32f401xe.o(.text)
    TIM4_IRQHandler                          0x0800024f   Thumb Code     0  startup_stm32f401xe.o(.text)
    TIM5_IRQHandler                          0x0800024f   Thumb Code     0  startup_stm32f401xe.o(.text)
    USART2_IRQHandler                        0x0800024f   Thumb Code     0  startup_stm32f401xe.o(.text)
    USART6_IRQHandler                        0x0800024f   Thumb Code     0  startup_stm32f401xe.o(.text)
    WWDG_IRQHandler                          0x0800024f   Thumb Code     0  startup_stm32f401xe.o(.text)
    __user_initial_stackheap                 0x08000251   Thumb Code     0  startup_stm32f401xe.o(.text)
    strstr                                   0x08000275   Thumb Code    36  strstr.o(.text)
    __aeabi_memclr4                          0x08000299   Thumb Code     0  rt_memclr_w.o(.text)
    __aeabi_memclr8                          0x08000299   Thumb Code     0  rt_memclr_w.o(.text)
    __rt_memclr_w                            0x08000299   Thumb Code    78  rt_memclr_w.o(.text)
    _memset_w                                0x0800029d   Thumb Code     0  rt_memclr_w.o(.text)
    __use_two_region_memory                  0x080002e7   Thumb Code     2  heapauxi.o(.text)
    __rt_heap_escrow                         0x080002e9   Thumb Code     2  heapauxi.o(.text)
    __rt_heap_expand                         0x080002eb   Thumb Code     2  heapauxi.o(.text)
    __read_errno                             0x080002ed   Thumb Code    10  _rserrno.o(.text)
    __set_errno                              0x080002f7   Thumb Code    12  _rserrno.o(.text)
    __aeabi_errno_addr                       0x08000305   Thumb Code     8  rt_errno_addr_intlibspace.o(.text)
    __errno$intlibspace                      0x08000305   Thumb Code     0  rt_errno_addr_intlibspace.o(.text)
    __rt_errno_addr$intlibspace              0x08000305   Thumb Code     0  rt_errno_addr_intlibspace.o(.text)
    __user_libspace                          0x0800030d   Thumb Code     8  libspace.o(.text)
    __user_perproc_libspace                  0x0800030d   Thumb Code     0  libspace.o(.text)
    __user_perthread_libspace                0x0800030d   Thumb Code     0  libspace.o(.text)
    __user_setup_stackheap                   0x08000315   Thumb Code    74  sys_stackheap_outer.o(.text)
    exit                                     0x0800035f   Thumb Code    18  exit.o(.text)
    __I$use$semihosting                      0x08000371   Thumb Code     0  use_no_semi.o(.text)
    __use_no_semihosting_swi                 0x08000371   Thumb Code     2  use_no_semi.o(.text)
    __semihosting_library_function           0x08000373   Thumb Code     0  indicate_semi.o(.text)
    _sys_exit                                0x08000375   Thumb Code     8  sys_exit.o(.text)
    Anotc_Send_Eulra                         0x08000381   Thumb Code   188  anotc.o(i.Anotc_Send_Eulra)
    ESP_Init                                 0x08000445   Thumb Code   510  esp8266.o(i.ESP_Init)
    GY86_adj                                 0x08000851   Thumb Code   166  gy-86.o(i.GY86_adj)
    HMC_Init                                 0x08000901   Thumb Code    14  gy-86.o(i.HMC_Init)
    HMC_Read                                 0x08000919   Thumb Code   220  gy-86.o(i.HMC_Read)
    HMC_Trans                                0x08000a01   Thumb Code   136  gy-86.o(i.HMC_Trans)
    MPU_Init                                 0x08000a91   Thumb Code    50  gy-86.o(i.MPU_Init)
    MPU_Read                                 0x08000ad9   Thumb Code   356  gy-86.o(i.MPU_Read)
    MPU_Trans                                0x08000c4d   Thumb Code   268  gy-86.o(i.MPU_Trans)
    MY_Delay                                 0x08000d71   Thumb Code    52  mytim.o(i.MY_Delay)
    MY_Delay_Init                            0x08000da9   Thumb Code    56  mytim.o(i.MY_Delay_Init)
    MY_I2C_Init                              0x08000de9   Thumb Code   166  myi2c.o(i.MY_I2C_Init)
    MY_I2C_Receive                           0x08000e9d   Thumb Code   308  myi2c.o(i.MY_I2C_Receive)
    MY_I2C_Send                              0x08000fd5   Thumb Code   180  myi2c.o(i.MY_I2C_Send)
    MY_I2C_Start                             0x0800108d   Thumb Code    74  myi2c.o(i.MY_I2C_Start)
    MY_System_Config                         0x080010dd   Thumb Code   274  main.o(i.MY_System_Config)
    MY_TIMER_Init                            0x0800121d   Thumb Code    60  mytim.o(i.MY_TIMER_Init)
    MY_TIM_Init                              0x08001265   Thumb Code   310  mytim.o(i.MY_TIM_Init)
    MY_UART_Init                             0x080013b9   Thumb Code   124  myuart.o(i.MY_UART_Init)
    MY_UART_Send                             0x08001449   Thumb Code    34  myuart.o(i.MY_UART_Send)
    Motor_Init                               0x08001471   Thumb Code    86  motor.o(i.Motor_Init)
    Motor_Output                             0x080014ed   Thumb Code   338  motor.o(i.Motor_Output)
    My_Madgwick_Update                       0x08001655   Thumb Code  3552  madgwick.o(i.My_Madgwick_Update)
    OLED_All                                 0x0800245d   Thumb Code    96  oled.o(i.OLED_All)
    OLED_ClnAllDRAM                          0x080024c9   Thumb Code    36  oled.o(i.OLED_ClnAllDRAM)
    OLED_ClnDRAM                             0x080024f1   Thumb Code    42  oled.o(i.OLED_ClnDRAM)
    OLED_DT                                  0x08002521   Thumb Code   292  oled.o(i.OLED_DT)
    OLED_Init                                0x08002649   Thumb Code    28  oled.o(i.OLED_Init)
    OLED_ResetOffset                         0x0800267d   Thumb Code    14  oled.o(i.OLED_ResetOffset)
    OLED_SC                                  0x08002691   Thumb Code   132  oled.o(i.OLED_SC)
    OLED_SS                                  0x08002715   Thumb Code   220  oled.o(i.OLED_SS)
    OLED_WriteRAM                            0x080027fd   Thumb Code   202  oled.o(i.OLED_WriteRAM)
    OLED_println                             0x080028d9   Thumb Code   188  oled.o(i.OLED_println)
    PitchPID                                 0x080029a1   Thumb Code   252  motor.o(i.PitchPID)
    RollPID                                  0x08002abd   Thumb Code   252  motor.o(i.RollPID)
    SystemInit                               0x08002be1   Thumb Code    24  system_stm32f4xx.o(i.SystemInit)
    TIM1_CC_IRQHandler                       0x08002bfd   Thumb Code    32  mytim.o(i.TIM1_CC_IRQHandler)
    TIM1_UP_TIM10_IRQHandler                 0x08002c29   Thumb Code    20  mytim.o(i.TIM1_UP_TIM10_IRQHandler)
    TIM2_IRQHandler                          0x08002c45   Thumb Code    36  mytim.o(i.TIM2_IRQHandler)
    USART1_IRQHandler                        0x08002c6d   Thumb Code    70  myuart.o(i.USART1_IRQHandler)
    YawPID                                   0x08002cc1   Thumb Code   244  motor.o(i.YawPID)
    __ARM_fpclassify                         0x08002dd1   Thumb Code    48  fpclassify.o(i.__ARM_fpclassify)
    __ARM_fpclassifyf                        0x08002e01   Thumb Code    38  fpclassifyf.o(i.__ARM_fpclassifyf)
    __hardfp_asinf                           0x08002e29   Thumb Code   258  asinf.o(i.__hardfp_asinf)
    __hardfp_atan                            0x08002f59   Thumb Code   622  atan.o(i.__hardfp_atan)
    __hardfp_atan2                           0x08003231   Thumb Code   448  atan2.o(i.__hardfp_atan2)
    __kernel_poly                            0x08003431   Thumb Code   248  poly.o(i.__kernel_poly)
    __mathlib_dbl_infnan                     0x08003529   Thumb Code    20  dunder.o(i.__mathlib_dbl_infnan)
    __mathlib_dbl_infnan2                    0x0800353d   Thumb Code    20  dunder.o(i.__mathlib_dbl_infnan2)
    __mathlib_dbl_underflow                  0x08003551   Thumb Code    24  dunder.o(i.__mathlib_dbl_underflow)
    __mathlib_flt_infnan                     0x08003571   Thumb Code     6  funder.o(i.__mathlib_flt_infnan)
    __mathlib_flt_invalid                    0x08003579   Thumb Code    10  funder.o(i.__mathlib_flt_invalid)
    __mathlib_flt_underflow                  0x08003589   Thumb Code    10  funder.o(i.__mathlib_flt_underflow)
    atan                                     0x08003599   Thumb Code    16  atan.o(i.atan)
    fabs                                     0x080035a9   Thumb Code    24  fabs.o(i.fabs)
    invsqrt                                  0x080035c1   Thumb Code    80  my_math.o(i.invsqrt)
    main                                     0x08003615   Thumb Code   246  main.o(i.main)
    my_sqrt                                  0x08003721   Thumb Code    28  my_math.o(i.my_sqrt)
    sqrtf                                    0x0800373d   Thumb Code    62  sqrtf.o(i.sqrtf)
    __aeabi_dneg                             0x0800377b   Thumb Code     0  basic.o(x$fpl$basic)
    _dneg                                    0x0800377b   Thumb Code     6  basic.o(x$fpl$basic)
    __aeabi_fneg                             0x08003781   Thumb Code     0  basic.o(x$fpl$basic)
    _fneg                                    0x08003781   Thumb Code     6  basic.o(x$fpl$basic)
    _dabs                                    0x08003787   Thumb Code     6  basic.o(x$fpl$basic)
    _fabs                                    0x0800378d   Thumb Code     6  basic.o(x$fpl$basic)
    __aeabi_d2f                              0x08003795   Thumb Code     0  d2f.o(x$fpl$d2f)
    _d2f                                     0x08003795   Thumb Code    98  d2f.o(x$fpl$d2f)
    __aeabi_dadd                             0x080037f9   Thumb Code     0  daddsub_clz.o(x$fpl$dadd)
    _dadd                                    0x080037f9   Thumb Code   332  daddsub_clz.o(x$fpl$dadd)
    __fpl_dcmp_Inf                           0x08003949   Thumb Code    24  dcmpi.o(x$fpl$dcmpinf)
    __aeabi_ddiv                             0x08003961   Thumb Code     0  ddiv.o(x$fpl$ddiv)
    _ddiv                                    0x08003961   Thumb Code   552  ddiv.o(x$fpl$ddiv)
    __aeabi_cdcmpeq                          0x08003c11   Thumb Code     0  deqf.o(x$fpl$deqf)
    _dcmpeq                                  0x08003c11   Thumb Code   120  deqf.o(x$fpl$deqf)
    __aeabi_dmul                             0x08003c89   Thumb Code     0  dmul.o(x$fpl$dmul)
    _dmul                                    0x08003c89   Thumb Code   332  dmul.o(x$fpl$dmul)
    __fpl_dnaninf                            0x08003ddd   Thumb Code   156  dnaninf.o(x$fpl$dnaninf)
    __fpl_dretinf                            0x08003e79   Thumb Code    12  dretinf.o(x$fpl$dretinf)
    __aeabi_drsub                            0x08003e85   Thumb Code     0  daddsub_clz.o(x$fpl$drsb)
    _drsb                                    0x08003e85   Thumb Code    22  daddsub_clz.o(x$fpl$drsb)
    __aeabi_dsub                             0x08003e9d   Thumb Code     0  daddsub_clz.o(x$fpl$dsub)
    _dsub                                    0x08003e9d   Thumb Code   464  daddsub_clz.o(x$fpl$dsub)
    __aeabi_f2d                              0x08004071   Thumb Code     0  f2d.o(x$fpl$f2d)
    _f2d                                     0x08004071   Thumb Code    86  f2d.o(x$fpl$f2d)
    __fpl_fnaninf                            0x080040c7   Thumb Code   140  fnaninf.o(x$fpl$fnaninf)
    _fp_init                                 0x08004153   Thumb Code    10  fpinit.o(x$fpl$fpinit)
    __fplib_config_fpu_vfp                   0x0800415b   Thumb Code     0  fpinit.o(x$fpl$fpinit)
    __fplib_config_pureend_doubles           0x0800415b   Thumb Code     0  fpinit.o(x$fpl$fpinit)
    __fpl_fretinf                            0x0800415d   Thumb Code    10  fretinf.o(x$fpl$fretinf)
    __I$use$fp                               0x08004166   Number         0  usenofp.o(x$fpl$usenofp)
    zimo                                     0x08004188   Data        1552  zimo.o(.constdata)
    hanzi                                    0x08004798   Data         512  zimo.o(.constdata)
    Atali                                    0x08004998   Data         312  zimo.o(.constdata)
    Weather_icon                             0x08004ad0   Data         360  zimo.o(.constdata)
    BLogo                                    0x08004c38   Data         472  zimo.o(.constdata)
    __mathlib_zero                           0x08004ea8   Data           8  qnan.o(.constdata)
    Region$$Table$$Base                      0x08004eb0   Number         0  anon$$obj.o(Region$$Table)
    Region$$Table$$Limit                     0x08004ed0   Number         0  anon$$obj.o(Region$$Table)
    flag                                     0x20000000   Data           1  main.o(.data)
    CH                                       0x20000018   Data           1  mytim.o(.data)
    HMC_Data                                 0x20000020   Data           6  gy-86.o(.data)
    MPU_cnt                                  0x20000028   Data           4  gy-86.o(.data)
    HMC_cnt                                  0x2000002c   Data           4  gy-86.o(.data)
    SystemCoreClock                          0x20000060   Data           4  system_stm32f4xx.o(.data)
    eulra                                    0x20000064   Data          12  madgwick.o(.bss)
    ReceiveBuff                              0x20000070   Data         128  myuart.o(.bss)
    Receiver_Data                            0x200000f0   Data          18  mytim.o(.bss)
    DRAM                                     0x20000102   Data        1024  oled.o(.bss)
    MPU_Data                                 0x20000504   Data          14  gy-86.o(.bss)
    MPU_offset                               0x20000512   Data          14  gy-86.o(.bss)
    Acc_Data                                 0x20000520   Data          12  gy-86.o(.bss)
    Gyro_Data                                0x2000052c   Data          12  gy-86.o(.bss)
    Mag_Data                                 0x20000538   Data          12  gy-86.o(.bss)
    Acc_filte                                0x20000544   Data          60  gy-86.o(.bss)
    Mag_filte                                0x20000580   Data          60  gy-86.o(.bss)
    __libspace_start                         0x200005bc   Data          96  libspace.o(.bss)
    __temporary_stack_top$libspace           0x2000061c   Data           0  libspace.o(.bss)



==============================================================================

Memory Map of the image

  Image Entry point : 0x08000195

  Load Region LR_IROM1 (Base: 0x08000000, Size: 0x00004f34, Max: 0x00080000, ABSOLUTE)

    Execution Region ER_IROM1 (Exec base: 0x08000000, Load base: 0x08000000, Size: 0x00004ed0, Max: 0x00080000, ABSOLUTE)

    Exec Addr    Load Addr    Size         Type   Attr      Idx    E Section Name        Object

    0x08000000   0x08000000   0x00000194   Data   RO          664    RESET               startup_stm32f401xe.o
    0x08000194   0x08000194   0x00000008   Code   RO          769  * !!!main             c_w.l(__main.o)
    0x0800019c   0x0800019c   0x00000034   Code   RO         1261    !!!scatter          c_w.l(__scatter.o)
    0x080001d0   0x080001d0   0x0000001a   Code   RO         1263    !!handler_copy      c_w.l(__scatter_copy.o)
    0x080001ea   0x080001ea   0x00000002   PAD
    0x080001ec   0x080001ec   0x0000001c   Code   RO         1265    !!handler_zi        c_w.l(__scatter_zi.o)
    0x08000208   0x08000208   0x00000002   Code   RO         1074    .ARM.Collect$$libinit$$00000000  c_w.l(libinit.o)
    0x0800020a   0x0800020a   0x00000004   Code   RO         1075    .ARM.Collect$$libinit$$00000001  c_w.l(libinit2.o)
    0x0800020e   0x0800020e   0x00000000   Code   RO         1078    .ARM.Collect$$libinit$$00000004  c_w.l(libinit2.o)
    0x0800020e   0x0800020e   0x00000000   Code   RO         1081    .ARM.Collect$$libinit$$0000000A  c_w.l(libinit2.o)
    0x0800020e   0x0800020e   0x00000000   Code   RO         1083    .ARM.Collect$$libinit$$0000000C  c_w.l(libinit2.o)
    0x0800020e   0x0800020e   0x00000000   Code   RO         1085    .ARM.Collect$$libinit$$0000000E  c_w.l(libinit2.o)
    0x0800020e   0x0800020e   0x00000000   Code   RO         1088    .ARM.Collect$$libinit$$00000011  c_w.l(libinit2.o)
    0x0800020e   0x0800020e   0x00000000   Code   RO         1090    .ARM.Collect$$libinit$$00000013  c_w.l(libinit2.o)
    0x0800020e   0x0800020e   0x00000000   Code   RO         1092    .ARM.Collect$$libinit$$00000015  c_w.l(libinit2.o)
    0x0800020e   0x0800020e   0x00000000   Code   RO         1094    .ARM.Collect$$libinit$$00000017  c_w.l(libinit2.o)
    0x0800020e   0x0800020e   0x00000000   Code   RO         1096    .ARM.Collect$$libinit$$00000019  c_w.l(libinit2.o)
    0x0800020e   0x0800020e   0x00000000   Code   RO         1098    .ARM.Collect$$libinit$$0000001B  c_w.l(libinit2.o)
    0x0800020e   0x0800020e   0x00000000   Code   RO         1100    .ARM.Collect$$libinit$$0000001D  c_w.l(libinit2.o)
    0x0800020e   0x0800020e   0x00000000   Code   RO         1102    .ARM.Collect$$libinit$$0000001F  c_w.l(libinit2.o)
    0x0800020e   0x0800020e   0x00000000   Code   RO         1104    .ARM.Collect$$libinit$$00000021  c_w.l(libinit2.o)
    0x0800020e   0x0800020e   0x00000000   Code   RO         1106    .ARM.Collect$$libinit$$00000023  c_w.l(libinit2.o)
    0x0800020e   0x0800020e   0x00000000   Code   RO         1108    .ARM.Collect$$libinit$$00000025  c_w.l(libinit2.o)
    0x0800020e   0x0800020e   0x00000000   Code   RO         1112    .ARM.Collect$$libinit$$0000002C  c_w.l(libinit2.o)
    0x0800020e   0x0800020e   0x00000000   Code   RO         1114    .ARM.Collect$$libinit$$0000002E  c_w.l(libinit2.o)
    0x0800020e   0x0800020e   0x00000000   Code   RO         1116    .ARM.Collect$$libinit$$00000030  c_w.l(libinit2.o)
    0x0800020e   0x0800020e   0x00000000   Code   RO         1118    .ARM.Collect$$libinit$$00000032  c_w.l(libinit2.o)
    0x0800020e   0x0800020e   0x00000002   Code   RO         1119    .ARM.Collect$$libinit$$00000033  c_w.l(libinit2.o)
    0x08000210   0x08000210   0x00000002   Code   RO         1240    .ARM.Collect$$libshutdown$$00000000  c_w.l(libshutdown.o)
    0x08000212   0x08000212   0x00000000   Code   RO         1121    .ARM.Collect$$libshutdown$$00000002  c_w.l(libshutdown2.o)
    0x08000212   0x08000212   0x00000000   Code   RO         1123    .ARM.Collect$$libshutdown$$00000004  c_w.l(libshutdown2.o)
    0x08000212   0x08000212   0x00000000   Code   RO         1125    .ARM.Collect$$libshutdown$$00000006  c_w.l(libshutdown2.o)
    0x08000212   0x08000212   0x00000000   Code   RO         1128    .ARM.Collect$$libshutdown$$00000009  c_w.l(libshutdown2.o)
    0x08000212   0x08000212   0x00000000   Code   RO         1131    .ARM.Collect$$libshutdown$$0000000C  c_w.l(libshutdown2.o)
    0x08000212   0x08000212   0x00000000   Code   RO         1133    .ARM.Collect$$libshutdown$$0000000E  c_w.l(libshutdown2.o)
    0x08000212   0x08000212   0x00000000   Code   RO         1136    .ARM.Collect$$libshutdown$$00000011  c_w.l(libshutdown2.o)
    0x08000212   0x08000212   0x00000002   Code   RO         1137    .ARM.Collect$$libshutdown$$00000012  c_w.l(libshutdown2.o)
    0x08000214   0x08000214   0x00000000   Code   RO          807    .ARM.Collect$$rtentry$$00000000  c_w.l(__rtentry.o)
    0x08000214   0x08000214   0x00000000   Code   RO          906    .ARM.Collect$$rtentry$$00000002  c_w.l(__rtentry2.o)
    0x08000214   0x08000214   0x00000006   Code   RO          918    .ARM.Collect$$rtentry$$00000004  c_w.l(__rtentry4.o)
    0x0800021a   0x0800021a   0x00000000   Code   RO          908    .ARM.Collect$$rtentry$$00000009  c_w.l(__rtentry2.o)
    0x0800021a   0x0800021a   0x00000004   Code   RO          909    .ARM.Collect$$rtentry$$0000000A  c_w.l(__rtentry2.o)
    0x0800021e   0x0800021e   0x00000000   Code   RO          911    .ARM.Collect$$rtentry$$0000000C  c_w.l(__rtentry2.o)
    0x0800021e   0x0800021e   0x00000008   Code   RO          912    .ARM.Collect$$rtentry$$0000000D  c_w.l(__rtentry2.o)
    0x08000226   0x08000226   0x00000002   Code   RO         1141    .ARM.Collect$$rtexit$$00000000  c_w.l(rtexit.o)
    0x08000228   0x08000228   0x00000000   Code   RO         1191    .ARM.Collect$$rtexit$$00000002  c_w.l(rtexit2.o)
    0x08000228   0x08000228   0x00000004   Code   RO         1192    .ARM.Collect$$rtexit$$00000003  c_w.l(rtexit2.o)
    0x0800022c   0x0800022c   0x00000006   Code   RO         1193    .ARM.Collect$$rtexit$$00000004  c_w.l(rtexit2.o)
    0x08000232   0x08000232   0x00000002   PAD
    0x08000234   0x08000234   0x00000040   Code   RO          665    .text               startup_stm32f401xe.o
    0x08000274   0x08000274   0x00000024   Code   RO          763    .text               c_w.l(strstr.o)
    0x08000298   0x08000298   0x0000004e   Code   RO          765    .text               c_w.l(rt_memclr_w.o)
    0x080002e6   0x080002e6   0x00000006   Code   RO          767    .text               c_w.l(heapauxi.o)
    0x080002ec   0x080002ec   0x00000016   Code   RO          808    .text               c_w.l(_rserrno.o)
    0x08000302   0x08000302   0x00000002   PAD
    0x08000304   0x08000304   0x00000008   Code   RO          928    .text               c_w.l(rt_errno_addr_intlibspace.o)
    0x0800030c   0x0800030c   0x00000008   Code   RO          985    .text               c_w.l(libspace.o)
    0x08000314   0x08000314   0x0000004a   Code   RO          990    .text               c_w.l(sys_stackheap_outer.o)
    0x0800035e   0x0800035e   0x00000012   Code   RO         1061    .text               c_w.l(exit.o)
    0x08000370   0x08000370   0x00000002   Code   RO         1138    .text               c_w.l(use_no_semi.o)
    0x08000372   0x08000372   0x00000000   Code   RO         1140    .text               c_w.l(indicate_semi.o)
    0x08000372   0x08000372   0x00000002   PAD
    0x08000374   0x08000374   0x0000000c   Code   RO         1188    .text               c_w.l(sys_exit.o)
    0x08000380   0x08000380   0x000000c4   Code   RO          140    i.Anotc_Send_Eulra  anotc.o
    0x08000444   0x08000444   0x0000040c   Code   RO          635    i.ESP_Init          esp8266.o
    0x08000850   0x08000850   0x000000b0   Code   RO          506    i.GY86_adj          gy-86.o
    0x08000900   0x08000900   0x00000018   Code   RO          507    i.HMC_Init          gy-86.o
    0x08000918   0x08000918   0x000000e8   Code   RO          508    i.HMC_Read          gy-86.o
    0x08000a00   0x08000a00   0x00000090   Code   RO          509    i.HMC_Trans         gy-86.o
    0x08000a90   0x08000a90   0x00000048   Code   RO          510    i.MPU_Init          gy-86.o
    0x08000ad8   0x08000ad8   0x00000174   Code   RO          511    i.MPU_Read          gy-86.o
    0x08000c4c   0x08000c4c   0x00000124   Code   RO          512    i.MPU_Trans         gy-86.o
    0x08000d70   0x08000d70   0x00000038   Code   RO          328    i.MY_Delay          mytim.o
    0x08000da8   0x08000da8   0x00000040   Code   RO          329    i.MY_Delay_Init     mytim.o
    0x08000de8   0x08000de8   0x000000b4   Code   RO          229    i.MY_I2C_Init       myi2c.o
    0x08000e9c   0x08000e9c   0x00000138   Code   RO          230    i.MY_I2C_Receive    myi2c.o
    0x08000fd4   0x08000fd4   0x000000b8   Code   RO          231    i.MY_I2C_Send       myi2c.o
    0x0800108c   0x0800108c   0x00000050   Code   RO          232    i.MY_I2C_Start      myi2c.o
    0x080010dc   0x080010dc   0x00000140   Code   RO            4    i.MY_System_Config  main.o
    0x0800121c   0x0800121c   0x00000048   Code   RO          330    i.MY_TIMER_Init     mytim.o
    0x08001264   0x08001264   0x00000154   Code   RO          331    i.MY_TIM_Init       mytim.o
    0x080013b8   0x080013b8   0x00000090   Code   RO          279    i.MY_UART_Init      myuart.o
    0x08001448   0x08001448   0x00000028   Code   RO          280    i.MY_UART_Send      myuart.o
    0x08001470   0x08001470   0x0000007c   Code   RO          583    i.Motor_Init        motor.o
    0x080014ec   0x080014ec   0x00000168   Code   RO          584    i.Motor_Output      motor.o
    0x08001654   0x08001654   0x00000e08   Code   RO          181    i.My_Madgwick_Update  madgwick.o
    0x0800245c   0x0800245c   0x0000006c   Code   RO          403    i.OLED_All          oled.o
    0x080024c8   0x080024c8   0x00000028   Code   RO          404    i.OLED_ClnAllDRAM   oled.o
    0x080024f0   0x080024f0   0x00000030   Code   RO          405    i.OLED_ClnDRAM      oled.o
    0x08002520   0x08002520   0x00000128   Code   RO          406    i.OLED_DT           oled.o
    0x08002648   0x08002648   0x00000034   Code   RO          407    i.OLED_Init         oled.o
    0x0800267c   0x0800267c   0x00000014   Code   RO          409    i.OLED_ResetOffset  oled.o
    0x08002690   0x08002690   0x00000084   Code   RO          410    i.OLED_SC           oled.o
    0x08002714   0x08002714   0x000000e8   Code   RO          411    i.OLED_SS           oled.o
    0x080027fc   0x080027fc   0x000000dc   Code   RO          413    i.OLED_WriteRAM     oled.o
    0x080028d8   0x080028d8   0x000000c8   Code   RO          414    i.OLED_println      oled.o
    0x080029a0   0x080029a0   0x0000011c   Code   RO          585    i.PitchPID          motor.o
    0x08002abc   0x08002abc   0x00000124   Code   RO          586    i.RollPID           motor.o
    0x08002be0   0x08002be0   0x0000001c   Code   RO          673    i.SystemInit        system_stm32f4xx.o
    0x08002bfc   0x08002bfc   0x0000002c   Code   RO          332    i.TIM1_CC_IRQHandler  mytim.o
    0x08002c28   0x08002c28   0x0000001c   Code   RO          333    i.TIM1_UP_TIM10_IRQHandler  mytim.o
    0x08002c44   0x08002c44   0x00000028   Code   RO          334    i.TIM2_IRQHandler   mytim.o
    0x08002c6c   0x08002c6c   0x00000054   Code   RO          281    i.USART1_IRQHandler  myuart.o
    0x08002cc0   0x08002cc0   0x00000110   Code   RO          587    i.YawPID            motor.o
    0x08002dd0   0x08002dd0   0x00000030   Code   RO          976    i.__ARM_fpclassify  m_wm.l(fpclassify.o)
    0x08002e00   0x08002e00   0x00000026   Code   RO          876    i.__ARM_fpclassifyf  m_wm.l(fpclassifyf.o)
    0x08002e26   0x08002e26   0x00000002   PAD
    0x08002e28   0x08002e28   0x0000012c   Code   RO          783    i.__hardfp_asinf    m_wm.l(asinf.o)
    0x08002f54   0x08002f54   0x00000004   PAD
    0x08002f58   0x08002f58   0x000002d8   Code   RO          842    i.__hardfp_atan     m_wm.l(atan.o)
    0x08003230   0x08003230   0x00000200   Code   RO          795    i.__hardfp_atan2    m_wm.l(atan2.o)
    0x08003430   0x08003430   0x000000f8   Code   RO          978    i.__kernel_poly     m_wm.l(poly.o)
    0x08003528   0x08003528   0x00000014   Code   RO          857    i.__mathlib_dbl_infnan  m_wm.l(dunder.o)
    0x0800353c   0x0800353c   0x00000014   Code   RO          858    i.__mathlib_dbl_infnan2  m_wm.l(dunder.o)
    0x08003550   0x08003550   0x00000020   Code   RO          862    i.__mathlib_dbl_underflow  m_wm.l(dunder.o)
    0x08003570   0x08003570   0x00000006   Code   RO          879    i.__mathlib_flt_infnan  m_wm.l(funder.o)
    0x08003576   0x08003576   0x00000002   PAD
    0x08003578   0x08003578   0x00000010   Code   RO          881    i.__mathlib_flt_invalid  m_wm.l(funder.o)
    0x08003588   0x08003588   0x00000010   Code   RO          884    i.__mathlib_flt_underflow  m_wm.l(funder.o)
    0x08003598   0x08003598   0x00000010   Code   RO          844    i.atan              m_wm.l(atan.o)
    0x080035a8   0x080035a8   0x00000018   Code   RO          872    i.fabs              m_wm.l(fabs.o)
    0x080035c0   0x080035c0   0x00000054   Code   RO          209    i.invsqrt           my_math.o
    0x08003614   0x08003614   0x0000010c   Code   RO            8    i.main              main.o
    0x08003720   0x08003720   0x0000001c   Code   RO          210    i.my_sqrt           my_math.o
    0x0800373c   0x0800373c   0x0000003e   Code   RO          895    i.sqrtf             m_wm.l(sqrtf.o)
    0x0800377a   0x0800377a   0x00000018   Code   RO          823    x$fpl$basic         fz_wm.l(basic.o)
    0x08003792   0x08003792   0x00000002   PAD
    0x08003794   0x08003794   0x00000062   Code   RO          771    x$fpl$d2f           fz_wm.l(d2f.o)
    0x080037f6   0x080037f6   0x00000002   PAD
    0x080037f8   0x080037f8   0x00000150   Code   RO          825    x$fpl$dadd          fz_wm.l(daddsub_clz.o)
    0x08003948   0x08003948   0x00000018   Code   RO          972    x$fpl$dcmpinf       fz_wm.l(dcmpi.o)
    0x08003960   0x08003960   0x000002b0   Code   RO          774    x$fpl$ddiv          fz_wm.l(ddiv.o)
    0x08003c10   0x08003c10   0x00000078   Code   RO          831    x$fpl$deqf          fz_wm.l(deqf.o)
    0x08003c88   0x08003c88   0x00000154   Code   RO          777    x$fpl$dmul          fz_wm.l(dmul.o)
    0x08003ddc   0x08003ddc   0x0000009c   Code   RO          833    x$fpl$dnaninf       fz_wm.l(dnaninf.o)
    0x08003e78   0x08003e78   0x0000000c   Code   RO          835    x$fpl$dretinf       fz_wm.l(dretinf.o)
    0x08003e84   0x08003e84   0x00000016   Code   RO          826    x$fpl$drsb          fz_wm.l(daddsub_clz.o)
    0x08003e9a   0x08003e9a   0x00000002   PAD
    0x08003e9c   0x08003e9c   0x000001d4   Code   RO          827    x$fpl$dsub          fz_wm.l(daddsub_clz.o)
    0x08004070   0x08004070   0x00000056   Code   RO          779    x$fpl$f2d           fz_wm.l(f2d.o)
    0x080040c6   0x080040c6   0x0000008c   Code   RO          837    x$fpl$fnaninf       fz_wm.l(fnaninf.o)
    0x08004152   0x08004152   0x0000000a   Code   RO         1186    x$fpl$fpinit        fz_wm.l(fpinit.o)
    0x0800415c   0x0800415c   0x0000000a   Code   RO          839    x$fpl$fretinf       fz_wm.l(fretinf.o)
    0x08004166   0x08004166   0x00000000   Code   RO          841    x$fpl$usenofp       fz_wm.l(usenofp.o)
    0x08004166   0x08004166   0x00000002   PAD
    0x08004168   0x08004168   0x00000020   Data   RO          143    .constdata          anotc.o
    0x08004188   0x08004188   0x00000c88   Data   RO          393    .constdata          zimo.o
    0x08004e10   0x08004e10   0x00000098   Data   RO          845    .constdata          m_wm.l(atan.o)
    0x08004ea8   0x08004ea8   0x00000008   Data   RO          892    .constdata          m_wm.l(qnan.o)
    0x08004eb0   0x08004eb0   0x00000020   Data   RO         1259    Region$$Table       anon$$obj.o


    Execution Region RW_IRAM1 (Exec base: 0x20000000, Load base: 0x08004ed0, Size: 0x00000c20, Max: 0x00018000, ABSOLUTE)

    Exec Addr    Load Addr    Size         Type   Attr      Idx    E Section Name        Object

    0x20000000   0x08004ed0   0x00000001   Data   RW           10    .data               main.o
    0x20000001   0x08004ed1   0x00000003   PAD
    0x20000004   0x08004ed4   0x00000010   Data   RW          183    .data               madgwick.o
    0x20000014   0x08004ee4   0x00000004   Data   RW          284    .data               myuart.o
    0x20000018   0x08004ee8   0x00000001   Data   RW          336    .data               mytim.o
    0x20000019   0x08004ee9   0x00000005   Data   RW          417    .data               oled.o
    0x2000001e   0x08004eee   0x00000002   PAD
    0x20000020   0x08004ef0   0x00000010   Data   RW          515    .data               gy-86.o
    0x20000030   0x08004f00   0x00000030   Data   RW          588    .data               motor.o
    0x20000060   0x08004f30   0x00000004   Data   RW          675    .data               system_stm32f4xx.o
    0x20000064        -       0x0000000c   Zero   RW          182    .bss                madgwick.o
    0x20000070        -       0x00000080   Zero   RW          283    .bss                myuart.o
    0x200000f0        -       0x00000012   Zero   RW          335    .bss                mytim.o
    0x20000102        -       0x00000400   Zero   RW          416    .bss                oled.o
    0x20000502   0x08004f34   0x00000002   PAD
    0x20000504        -       0x000000b8   Zero   RW          514    .bss                gy-86.o
    0x200005bc        -       0x00000060   Zero   RW          986    .bss                c_w.l(libspace.o)
    0x2000061c   0x08004f34   0x00000004   PAD
    0x20000620        -       0x00000200   Zero   RW          663    HEAP                startup_stm32f401xe.o
    0x20000820        -       0x00000400   Zero   RW          662    STACK               startup_stm32f401xe.o


==============================================================================

Image component sizes


      Code (inc. data)   RO Data    RW Data    ZI Data      Debug   Object Name

       196          8         32          0          0        911   anotc.o
      1036        526          0          0          0        815   esp8266.o
      1312        102          0         16        184       5530   gy-86.o
      3592         46          0         16         12       2301   madgwick.o
       588         68          0          1          0     341740   main.o
      1332        160          0         48          0       3510   motor.o
       112          4          0          0          0       1160   my_math.o
       756         28          0          0          0       2692   myi2c.o
       644         78          0          1         18       3742   mytim.o
       268         40          0          4        128       1940   myuart.o
      1348         98          0          5       1024       7742   oled.o
        64         26        404          0       1536        856   startup_stm32f401xe.o
        28          4          0          4          0       1307   system_stm32f4xx.o
         0          0       3208          0          0        574   zimo.o

    ----------------------------------------------------------------------
     11276       1188       3676        100       2904     374820   Object Totals
         0          0         32          0          0          0   (incl. Generated)
         0          0          0          5          2          0   (incl. Padding)

    ----------------------------------------------------------------------

      Code (inc. data)   RO Data    RW Data    ZI Data      Debug   Library Member Name

         8          0          0          0          0         68   __main.o
         0          0          0          0          0          0   __rtentry.o
        12          0          0          0          0          0   __rtentry2.o
         6          0          0          0          0          0   __rtentry4.o
        52          8          0          0          0          0   __scatter.o
        26          0          0          0          0          0   __scatter_copy.o
        28          0          0          0          0          0   __scatter_zi.o
        22          0          0          0          0        100   _rserrno.o
        18          0          0          0          0         80   exit.o
         6          0          0          0          0        152   heapauxi.o
         0          0          0          0          0          0   indicate_semi.o
         2          0          0          0          0          0   libinit.o
         6          0          0          0          0          0   libinit2.o
         2          0          0          0          0          0   libshutdown.o
         2          0          0          0          0          0   libshutdown2.o
         8          4          0          0         96         68   libspace.o
         8          4          0          0          0         68   rt_errno_addr_intlibspace.o
        78          0          0          0          0         80   rt_memclr_w.o
         2          0          0          0          0          0   rtexit.o
        10          0          0          0          0          0   rtexit2.o
        36          0          0          0          0         80   strstr.o
        12          4          0          0          0         68   sys_exit.o
        74          0          0          0          0         80   sys_stackheap_outer.o
         2          0          0          0          0         68   use_no_semi.o
        24          0          0          0          0        164   basic.o
        98          4          0          0          0        140   d2f.o
       826         16          0          0          0        492   daddsub_clz.o
        24          0          0          0          0        116   dcmpi.o
       688        140          0          0          0        256   ddiv.o
       120          4          0          0          0        140   deqf.o
       340         12          0          0          0        152   dmul.o
       156          4          0          0          0        140   dnaninf.o
        12          0          0          0          0        116   dretinf.o
        86          4          0          0          0        132   f2d.o
       140          4          0          0          0        132   fnaninf.o
        10          0          0          0          0        116   fpinit.o
        10          0          0          0          0        116   fretinf.o
         0          0          0          0          0          0   usenofp.o
       300         42          0          0          0        176   asinf.o
       744        106        152          0          0        352   atan.o
       512         64          0          0          0        208   atan2.o
        72          8          0          0          0        372   dunder.o
        24          0          0          0          0        124   fabs.o
        48          0          0          0          0        124   fpclassify.o
        38          0          0          0          0        116   fpclassifyf.o
        38         12          0          0          0        348   funder.o
       248          0          0          0          0        152   poly.o
         0          0          8          0          0          0   qnan.o
        62          0          0          0          0        136   sqrtf.o

    ----------------------------------------------------------------------
      5064        444        160          0        100       5232   Library Totals
        24          4          0          0          4          0   (incl. Padding)

    ----------------------------------------------------------------------

      Code (inc. data)   RO Data    RW Data    ZI Data      Debug   Library Name

       420         20          0          0         96        912   c_w.l
      2534        188          0          0          0       2212   fz_wm.l
      2086        232        160          0          0       2108   m_wm.l

    ----------------------------------------------------------------------
      5064        444        160          0        100       5232   Library Totals

    ----------------------------------------------------------------------

==============================================================================


      Code (inc. data)   RO Data    RW Data    ZI Data      Debug   

     16340       1632       3836        100       3004     373188   Grand Totals
     16340       1632       3836        100       3004     373188   ELF Image Totals
     16340       1632       3836        100          0          0   ROM Totals

==============================================================================

    Total RO  Size (Code + RO Data)                20176 (  19.70kB)
    Total RW  Size (RW Data + ZI Data)              3104 (   3.03kB)
    Total ROM Size (Code + RO Data + RW Data)      20276 (  19.80kB)

==============================================================================

